Archive member included to satisfy reference by file (symbol)

C:/xpack/xpack-arm-none-eabi-gcc-15.2.1-1.1-win32-x64/xpack-arm-none-eabi-gcc-15.2.1-1.1/bin/../lib/gcc/arm-none-eabi/15.2.1/../../../../arm-none-eabi/lib/thumb/v7e-m+fp/hard\libc_nano.a(libc_a-atexit.o)
                              C:/xpack/xpack-arm-none-eabi-gcc-15.2.1-1.1-win32-x64/xpack-arm-none-eabi-gcc-15.2.1-1.1/bin/../lib/gcc/arm-none-eabi/15.2.1/../../../../arm-none-eabi/lib/thumb/v7e-m+fp/hard/crt0.o (atexit)
C:/xpack/xpack-arm-none-eabi-gcc-15.2.1-1.1-win32-x64/xpack-arm-none-eabi-gcc-15.2.1-1.1/bin/../lib/gcc/arm-none-eabi/15.2.1/../../../../arm-none-eabi/lib/thumb/v7e-m+fp/hard\libc_nano.a(libc_a-exit.o)
                              C:/xpack/xpack-arm-none-eabi-gcc-15.2.1-1.1-win32-x64/xpack-arm-none-eabi-gcc-15.2.1-1.1/bin/../lib/gcc/arm-none-eabi/15.2.1/../../../../arm-none-eabi/lib/thumb/v7e-m+fp/hard/crt0.o (exit)
C:/xpack/xpack-arm-none-eabi-gcc-15.2.1-1.1-win32-x64/xpack-arm-none-eabi-gcc-15.2.1-1.1/bin/../lib/gcc/arm-none-eabi/15.2.1/../../../../arm-none-eabi/lib/thumb/v7e-m+fp/hard\libc_nano.a(libc_a-findfp.o)
                              C:/xpack/xpack-arm-none-eabi-gcc-15.2.1-1.1-win32-x64/xpack-arm-none-eabi-gcc-15.2.1-1.1/bin/../lib/gcc/arm-none-eabi/15.2.1/../../../../arm-none-eabi/lib/thumb/v7e-m+fp/hard\libc_nano.a(libc_a-exit.o) (__stdio_exit_handler)
C:/xpack/xpack-arm-none-eabi-gcc-15.2.1-1.1-win32-x64/xpack-arm-none-eabi-gcc-15.2.1-1.1/bin/../lib/gcc/arm-none-eabi/15.2.1/../../../../arm-none-eabi/lib/thumb/v7e-m+fp/hard\libc_nano.a(libc_a-fwalk.o)
                              C:/xpack/xpack-arm-none-eabi-gcc-15.2.1-1.1-win32-x64/xpack-arm-none-eabi-gcc-15.2.1-1.1/bin/../lib/gcc/arm-none-eabi/15.2.1/../../../../arm-none-eabi/lib/thumb/v7e-m+fp/hard\libc_nano.a(libc_a-findfp.o) (_fwalk_sglue)
C:/xpack/xpack-arm-none-eabi-gcc-15.2.1-1.1-win32-x64/xpack-arm-none-eabi-gcc-15.2.1-1.1/bin/../lib/gcc/arm-none-eabi/15.2.1/../../../../arm-none-eabi/lib/thumb/v7e-m+fp/hard\libc_nano.a(libc_a-stdio.o)
                              C:/xpack/xpack-arm-none-eabi-gcc-15.2.1-1.1-win32-x64/xpack-arm-none-eabi-gcc-15.2.1-1.1/bin/../lib/gcc/arm-none-eabi/15.2.1/../../../../arm-none-eabi/lib/thumb/v7e-m+fp/hard\libc_nano.a(libc_a-findfp.o) (__sread)
C:/xpack/xpack-arm-none-eabi-gcc-15.2.1-1.1-win32-x64/xpack-arm-none-eabi-gcc-15.2.1-1.1/bin/../lib/gcc/arm-none-eabi/15.2.1/../../../../arm-none-eabi/lib/thumb/v7e-m+fp/hard\libc_nano.a(libc_a-memset.o)
                              C:/xpack/xpack-arm-none-eabi-gcc-15.2.1-1.1-win32-x64/xpack-arm-none-eabi-gcc-15.2.1-1.1/bin/../lib/gcc/arm-none-eabi/15.2.1/../../../../arm-none-eabi/lib/thumb/v7e-m+fp/hard/crt0.o (memset)
C:/xpack/xpack-arm-none-eabi-gcc-15.2.1-1.1-win32-x64/xpack-arm-none-eabi-gcc-15.2.1-1.1/bin/../lib/gcc/arm-none-eabi/15.2.1/../../../../arm-none-eabi/lib/thumb/v7e-m+fp/hard\libc_nano.a(libc_a-closer.o)
                              C:/xpack/xpack-arm-none-eabi-gcc-15.2.1-1.1-win32-x64/xpack-arm-none-eabi-gcc-15.2.1-1.1/bin/../lib/gcc/arm-none-eabi/15.2.1/../../../../arm-none-eabi/lib/thumb/v7e-m+fp/hard\libc_nano.a(libc_a-stdio.o) (_close_r)
C:/xpack/xpack-arm-none-eabi-gcc-15.2.1-1.1-win32-x64/xpack-arm-none-eabi-gcc-15.2.1-1.1/bin/../lib/gcc/arm-none-eabi/15.2.1/../../../../arm-none-eabi/lib/thumb/v7e-m+fp/hard\libc_nano.a(libc_a-reent.o)
                              C:/xpack/xpack-arm-none-eabi-gcc-15.2.1-1.1-win32-x64/xpack-arm-none-eabi-gcc-15.2.1-1.1/bin/../lib/gcc/arm-none-eabi/15.2.1/../../../../arm-none-eabi/lib/thumb/v7e-m+fp/hard\libc_nano.a(libc_a-closer.o) (errno)
C:/xpack/xpack-arm-none-eabi-gcc-15.2.1-1.1-win32-x64/xpack-arm-none-eabi-gcc-15.2.1-1.1/bin/../lib/gcc/arm-none-eabi/15.2.1/../../../../arm-none-eabi/lib/thumb/v7e-m+fp/hard\libc_nano.a(libc_a-impure.o)
                              C:/xpack/xpack-arm-none-eabi-gcc-15.2.1-1.1-win32-x64/xpack-arm-none-eabi-gcc-15.2.1-1.1/bin/../lib/gcc/arm-none-eabi/15.2.1/../../../../arm-none-eabi/lib/thumb/v7e-m+fp/hard\libc_nano.a(libc_a-reent.o) (_impure_ptr)
C:/xpack/xpack-arm-none-eabi-gcc-15.2.1-1.1-win32-x64/xpack-arm-none-eabi-gcc-15.2.1-1.1/bin/../lib/gcc/arm-none-eabi/15.2.1/../../../../arm-none-eabi/lib/thumb/v7e-m+fp/hard\libc_nano.a(libc_a-lseekr.o)
                              C:/xpack/xpack-arm-none-eabi-gcc-15.2.1-1.1-win32-x64/xpack-arm-none-eabi-gcc-15.2.1-1.1/bin/../lib/gcc/arm-none-eabi/15.2.1/../../../../arm-none-eabi/lib/thumb/v7e-m+fp/hard\libc_nano.a(libc_a-stdio.o) (_lseek_r)
C:/xpack/xpack-arm-none-eabi-gcc-15.2.1-1.1-win32-x64/xpack-arm-none-eabi-gcc-15.2.1-1.1/bin/../lib/gcc/arm-none-eabi/15.2.1/../../../../arm-none-eabi/lib/thumb/v7e-m+fp/hard\libc_nano.a(libc_a-readr.o)
                              C:/xpack/xpack-arm-none-eabi-gcc-15.2.1-1.1-win32-x64/xpack-arm-none-eabi-gcc-15.2.1-1.1/bin/../lib/gcc/arm-none-eabi/15.2.1/../../../../arm-none-eabi/lib/thumb/v7e-m+fp/hard\libc_nano.a(libc_a-stdio.o) (_read_r)
[...]
Memory Configuration

Name             Origin             Length             Attributes
RAM              0x20000000         0x00010000         xrw
FLASH            0x08000000         0x00004000         xr
*default*        0x00000000         0xffffffff

Linker script and memory map

LOAD C:/xpack/xpack-arm-none-eabi-gcc-15.2.1-1.1-win32-x64/xpack-arm-none-eabi-gcc-15.2.1-1.1/bin/../lib/gcc/arm-none-eabi/15.2.1/thumb/v7e-m+fp/hard/crti.o
LOAD C:/xpack/xpack-arm-none-eabi-gcc-15.2.1-1.1-win32-x64/xpack-arm-none-eabi-gcc-15.2.1-1.1/bin/../lib/gcc/arm-none-eabi/15.2.1/thumb/v7e-m+fp/hard/crtbegin.o
LOAD C:/xpack/xpack-arm-none-eabi-gcc-15.2.1-1.1-win32-x64/xpack-arm-none-eabi-gcc-15.2.1-1.1/bin/../lib/gcc/arm-none-eabi/15.2.1/../../../../arm-none-eabi/lib/thumb/v7e-m+fp/hard/crt0.o
LOAD build/main.o
LOAD build/stm32f4xx_it.o
LOAD build/stm32f4xx_hal_msp.o
LOAD build/stm32f4xx_hal_rcc.o
LOAD build/stm32f4xx_hal_rcc_ex.o
LOAD build/stm32f4xx_hal_flash.o
LOAD build/stm32f4xx_hal_flash_ex.o
LOAD build/stm32f4xx_hal_flash_ramfunc.o
LOAD build/stm32f4xx_hal_gpio.o
LOAD build/stm32f4xx_hal_dma_ex.o
LOAD build/stm32f4xx_hal_dma.o
LOAD build/stm32f4xx_hal_pwr.o
LOAD build/stm32f4xx_hal_pwr_ex.o
LOAD build/stm32f4xx_hal_cortex.o
LOAD build/stm32f4xx_hal.o
LOAD build/stm32f4xx_hal_exti.o
LOAD build/system_stm32f4xx.o
LOAD build/sysmem.o
LOAD build/syscalls.o
LOAD build/bootloader.o
LOAD build/startup_stm32f401xc.o
LOAD C:/xpack/xpack-arm-none-eabi-gcc-15.2.1-1.1-win32-x64/xpack-arm-none-eabi-gcc-15.2.1-1.1/bin/../lib/gcc/arm-none-eabi/15.2.1/../../../../arm-none-eabi/lib/thumb/v7e-m+fp/hard\libc_nano.a
LOAD C:/xpack/xpack-arm-none-eabi-gcc-15.2.1-1.1-win32-x64/xpack-arm-none-eabi-gcc-15.2.1-1.1/bin/../lib/gcc/arm-none-eabi/15.2.1/../../../../arm-none-eabi/lib/thumb/v7e-m+fp/hard\libm.a
LOAD C:/xpack/xpack-arm-none-eabi-gcc-15.2.1-1.1-win32-x64/xpack-arm-none-eabi-gcc-15.2.1-1.1/bin/../lib/gcc/arm-none-eabi/15.2.1/../../../../arm-none-eabi/lib/thumb/v7e-m+fp/hard\libnosys.a
START GROUP
LOAD C:/xpack/xpack-arm-none-eabi-gcc-15.2.1-1.1-win32-x64/xpack-arm-none-eabi-gcc-15.2.1-1.1/bin/../lib/gcc/arm-none-eabi/15.2.1/thumb/v7e-m+fp/hard\libgcc.a
LOAD C:/xpack/xpack-arm-none-eabi-gcc-15.2.1-1.1-win32-x64/xpack-arm-none-eabi-gcc-15.2.1-1.1/bin/../lib/gcc/arm-none-eabi/15.2.1/../../../../arm-none-eabi/lib/thumb/v7e-m+fp/hard\libc_nano.a
END GROUP
START GROUP
LOAD C:/xpack/xpack-arm-none-eabi-gcc-15.2.1-1.1-win32-x64/xpack-arm-none-eabi-gcc-15.2.1-1.1/bin/../lib/gcc/arm-none-eabi/15.2.1/thumb/v7e-m+fp/hard\libgcc.a
LOAD C:/xpack/xpack-arm-none-eabi-gcc-15.2.1-1.1-win32-x64/xpack-arm-none-eabi-gcc-15.2.1-1.1/bin/../lib/gcc/arm-none-eabi/15.2.1/../../../../arm-none-eabi/lib/thumb/v7e-m+fp/hard\libc_nano.a
END GROUP
LOAD C:/xpack/xpack-arm-none-eabi-gcc-15.2.1-1.1-win32-x64/xpack-arm-none-eabi-gcc-15.2.1-1.1/bin/../lib/gcc/arm-none-eabi/15.2.1/thumb/v7e-m+fp/hard/crtend.o
LOAD C:/xpack/xpack-arm-none-eabi-gcc-15.2.1-1.1-win32-x64/xpack-arm-none-eabi-gcc-15.2.1-1.1/bin/../lib/gcc/arm-none-eabi/15.2.1/thumb/v7e-m+fp/hard/crtn.o
                0x20010000                        _estack = (ORIGIN (RAM) + LENGTH (RAM))
                0x2000fc00                        _sstack = (_estack - _Min_Stack_Size)
                0x00000200                        _Min_Heap_Size = 0x200
                0x00000400                        _Min_Stack_Size = 0x400

.isr_vector     0x08000000      0x194
                0x08000000                        . = ALIGN (0x4)
 *(.isr_vector)
 .isr_vector    0x08000000      0x194 build/startup_stm32f401xc.o
                0x08000000                g_pfnVectors
                0x08000194                        . = ALIGN (0x4)

.text           0x08000194     0x10a4
                0x08000194                        . = ALIGN (0x4)
 *(.text)
 .text          0x08000194       0x30 C:/xpack/xpack-arm-none-eabi-gcc-15.2.1-1.1-win32-x64/xpack-arm-none-eabi-gcc-15.2.1-1.1/bin/../lib/gcc/arm-none-eabi/15.2.1/thumb/v7e-m+fp/hard\libgcc.a(_aeabi_uldivmod.o)
                0x08000194                __aeabi_uldivmod
 .text          0x080001c4        0x4 C:/xpack/xpack-arm-none-eabi-gcc-15.2.1-1.1-win32-x64/xpack-arm-none-eabi-gcc-15.2.1-1.1/bin/../lib/gcc/arm-none-eabi/15.2.1/thumb/v7e-m+fp/hard\libgcc.a(_dvmd_tls.o)
                0x080001c4                __aeabi_idiv0
                0x080001c4                __aeabi_ldiv0
 *(.text*)
 .text.__do_global_dtors_aux
                0x080001c8       0x28 C:/xpack/xpack-arm-none-eabi-gcc-15.2.1-1.1-win32-x64/xpack-arm-none-eabi-gcc-15.2.1-1.1/bin/../lib/gcc/arm-none-eabi/15.2.1/thumb/v7e-m+fp/hard/crtbegin.o
 .text.frame_dummy
                0x080001f0       0x1c C:/xpack/xpack-arm-none-eabi-gcc-15.2.1-1.1-win32-x64/xpack-arm-none-eabi-gcc-15.2.1-1.1/bin/../lib/gcc/arm-none-eabi/15.2.1/thumb/v7e-m+fp/hard/crtbegin.o
 .text.MX_GPIO_Init
                0x0800020c       0x80 build/main.o
 .text.Error_Handler
                0x0800028c        0x4 build/main.o
                0x0800028c                Error_Handler
 .text.SystemClock_Config
                0x08000290       0x8c build/main.o
                0x08000290                SystemClock_Config
 .text.main     0x0800031c       0x58 build/main.o
                0x0800031c                main
 .text.NMI_Handler
                0x08000374        0x2 build/stm32f4xx_it.o
                0x08000374                NMI_Handler
 .text.HardFault_Handler
                0x08000376        0x2 build/stm32f4xx_it.o
                0x08000376                HardFault_Handler
 .text.MemManage_Handler
                0x08000378        0x2 build/stm32f4xx_it.o
                0x08000378                MemManage_Handler
 .text.BusFault_Handler
                0x0800037a        0x2 build/stm32f4xx_it.o
                0x0800037a                BusFault_Handler
 .text.UsageFault_Handler
                0x0800037c        0x2 build/stm32f4xx_it.o
                0x0800037c                UsageFault_Handler
 .text.SVC_Handler
                0x0800037e        0x2 build/stm32f4xx_it.o
                0x0800037e                SVC_Handler
 .text.DebugMon_Handler
                0x08000380        0x2 build/stm32f4xx_it.o
                0x08000380                DebugMon_Handler
 .text.PendSV_Handler
                0x08000382        0x2 build/stm32f4xx_it.o
                0x08000382                PendSV_Handler
 .text.SysTick_Handler
                0x08000384        0x8 build/stm32f4xx_it.o
                0x08000384                SysTick_Handler
 .text.HAL_MspInit
                0x0800038c       0x38 build/stm32f4xx_hal_msp.o
                0x0800038c                HAL_MspInit
 .text.HAL_RCC_OscConfig
                0x080003c4      0x3fc build/stm32f4xx_hal_rcc.o
                0x080003c4                HAL_RCC_OscConfig
 .text.HAL_RCC_GetSysClockFreq
                0x080007c0       0xa8 build/stm32f4xx_hal_rcc.o
                0x080007c0                HAL_RCC_GetSysClockFreq
 .text.HAL_RCC_ClockConfig
                0x08000868      0x160 build/stm32f4xx_hal_rcc.o
                0x08000868                HAL_RCC_ClockConfig
 .text.HAL_GPIO_Init
                0x080009c8      0x1e0 build/stm32f4xx_hal_gpio.o
                0x080009c8                HAL_GPIO_Init
 .text.HAL_GPIO_ReadPin
                0x08000ba8        0xe build/stm32f4xx_hal_gpio.o
                0x08000ba8                HAL_GPIO_ReadPin
 .text.HAL_GPIO_WritePin
                0x08000bb6        0xc build/stm32f4xx_hal_gpio.o
                0x08000bb6                HAL_GPIO_WritePin
 .text.HAL_GPIO_TogglePin
                0x08000bc2       0x12 build/stm32f4xx_hal_gpio.o
                0x08000bc2                HAL_GPIO_TogglePin
 .text.__NVIC_SetPriority
                0x08000bd4       0x28 build/stm32f4xx_hal_cortex.o
 .text.NVIC_EncodePriority
                0x08000bfc       0x46 build/stm32f4xx_hal_cortex.o
 *fill*         0x08000c42        0x2 
 .text.HAL_NVIC_SetPriorityGrouping
                0x08000c44       0x24 build/stm32f4xx_hal_cortex.o
                0x08000c44                HAL_NVIC_SetPriorityGrouping
 .text.HAL_NVIC_SetPriority
                0x08000c68       0x20 build/stm32f4xx_hal_cortex.o
                0x08000c68                HAL_NVIC_SetPriority
 .text.HAL_SYSTICK_Config
                0x08000c88       0x28 build/stm32f4xx_hal_cortex.o
                0x08000c88                HAL_SYSTICK_Config
 .text.HAL_MspDeInit
                0x08000cb0        0x2 build/stm32f4xx_hal.o
                0x08000cb0                HAL_MspDeInit
 *fill*         0x08000cb2        0x2 
 .text.HAL_DeInit
                0x08000cb4       0x40 build/stm32f4xx_hal.o
                0x08000cb4                HAL_DeInit
 .text.HAL_InitTick
                0x08000cf4       0x4c build/stm32f4xx_hal.o
                0x08000cf4                HAL_InitTick
 .text.HAL_Init
                0x08000d40       0x34 build/stm32f4xx_hal.o
                0x08000d40                HAL_Init
 .text.HAL_IncTick
                0x08000d74       0x18 build/stm32f4xx_hal.o
                0x08000d74                HAL_IncTick
 .text.HAL_GetTick
                0x08000d8c        0xc build/stm32f4xx_hal.o
                0x08000d8c                HAL_GetTick
 .text.HAL_Delay
                0x08000d98       0x28 build/stm32f4xx_hal.o
                0x08000d98                HAL_Delay
 .text.SystemInit
                0x08000dc0       0x14 build/system_stm32f4xx.o
                0x08000dc0                SystemInit
 .text.is_button_pressed
                0x08000dd4       0x3c build/bootloader.o
                0x08000dd4                is_button_pressed
 .text.is_app_valid
                0x08000e10       0x1c build/bootloader.o
                0x08000e10                is_app_valid
 .text.jump_to_app
                0x08000e2c       0x28 build/bootloader.o
                0x08000e2c                jump_to_app
 .text.Reset_Handler
                0x08000e54       0x50 build/startup_stm32f401xc.o
                0x08000e54                Reset_Handler
 .text.Default_Handler
                0x08000ea4        0x2 build/startup_stm32f401xc.o
                0x08000ea4                RTC_Alarm_IRQHandler
                0x08000ea4                EXTI2_IRQHandler
                0x08000ea4                SPI4_IRQHandler
                0x08000ea4                TIM1_CC_IRQHandler
                0x08000ea4                DMA2_Stream5_IRQHandler
                0x08000ea4                DMA1_Stream5_IRQHandler
                0x08000ea4                PVD_IRQHandler
                0x08000ea4                SDIO_IRQHandler
                0x08000ea4                TAMP_STAMP_IRQHandler
                0x08000ea4                EXTI3_IRQHandler
                0x08000ea4                TIM1_UP_TIM10_IRQHandler
                0x08000ea4                I2C3_ER_IRQHandler
                0x08000ea4                EXTI0_IRQHandler
                0x08000ea4                I2C2_EV_IRQHandler
                0x08000ea4                DMA1_Stream2_IRQHandler
                0x08000ea4                FPU_IRQHandler
                0x08000ea4                DMA2_Stream2_IRQHandler
                0x08000ea4                SPI1_IRQHandler
                0x08000ea4                TIM1_BRK_TIM9_IRQHandler
                0x08000ea4                DMA2_Stream3_IRQHandler
                0x08000ea4                USART6_IRQHandler
                0x08000ea4                DMA2_Stream0_IRQHandler
                0x08000ea4                TIM4_IRQHandler
                0x08000ea4                I2C1_EV_IRQHandler
                0x08000ea4                DMA1_Stream6_IRQHandler
                0x08000ea4                DMA1_Stream1_IRQHandler
                0x08000ea4                TIM3_IRQHandler
                0x08000ea4                RCC_IRQHandler
                0x08000ea4                Default_Handler
                0x08000ea4                EXTI15_10_IRQHandler
                0x08000ea4                ADC_IRQHandler
                0x08000ea4                DMA1_Stream7_IRQHandler
                0x08000ea4                TIM5_IRQHandler
                0x08000ea4                DMA2_Stream7_IRQHandler
                0x08000ea4                I2C3_EV_IRQHandler
                0x08000ea4                EXTI9_5_IRQHandler
                0x08000ea4                RTC_WKUP_IRQHandler
                0x08000ea4                SPI2_IRQHandler
                0x08000ea4                DMA1_Stream0_IRQHandler
                0x08000ea4                EXTI4_IRQHandler
                0x08000ea4                WWDG_IRQHandler
                0x08000ea4                TIM2_IRQHandler
                0x08000ea4                OTG_FS_WKUP_IRQHandler
                0x08000ea4                TIM1_TRG_COM_TIM11_IRQHandler
                0x08000ea4                EXTI1_IRQHandler
                0x08000ea4                USART2_IRQHandler
                0x08000ea4                I2C2_ER_IRQHandler
                0x08000ea4                DMA2_Stream1_IRQHandler
                0x08000ea4                FLASH_IRQHandler
                0x08000ea4                DMA2_Stream4_IRQHandler
                0x08000ea4                USART1_IRQHandler
                0x08000ea4                OTG_FS_IRQHandler
                0x08000ea4                SPI3_IRQHandler
                0x08000ea4                DMA1_Stream4_IRQHandler
                0x08000ea4                I2C1_ER_IRQHandler
                0x08000ea4                DMA2_Stream6_IRQHandler
                0x08000ea4                DMA1_Stream3_IRQHandler
 .text.memset   0x08000ea6       0x10 C:/xpack/xpack-arm-none-eabi-gcc-15.2.1-1.1-win32-x64/xpack-arm-none-eabi-gcc-15.2.1-1.1/bin/../lib/gcc/arm-none-eabi/15.2.1/../../../../arm-none-eabi/lib/thumb/v7e-m+fp/hard\libc_nano.a(libc_a-memset.o)
                0x08000ea6                memset
 *fill*         0x08000eb6        0x2 
 .text.__libc_init_array
                0x08000eb8       0x48 C:/xpack/xpack-arm-none-eabi-gcc-15.2.1-1.1-win32-x64/xpack-arm-none-eabi-gcc-15.2.1-1.1/bin/../lib/gcc/arm-none-eabi/15.2.1/../../../../arm-none-eabi/lib/thumb/v7e-m+fp/hard\libc_nano.a(libc_a-init.o)
                0x08000eb8                __libc_init_array
 .text.__udivmoddi4
                0x08000f00      0x320 C:/xpack/xpack-arm-none-eabi-gcc-15.2.1-1.1-win32-x64/xpack-arm-none-eabi-gcc-15.2.1-1.1/bin/../lib/gcc/arm-none-eabi/15.2.1/thumb/v7e-m+fp/hard\libgcc.a(_udivmoddi4.o)
                0x08000f00                __udivmoddi4
 *(.glue_7)
 .glue_7        0x08001220        0x0 linker stubs
 *(.glue_7t)
 .glue_7t       0x08001220        0x0 linker stubs
 *(.eh_frame)
 .eh_frame      0x08001220        0x0 C:/xpack/xpack-arm-none-eabi-gcc-15.2.1-1.1-win32-x64/xpack-arm-none-eabi-gcc-15.2.1-1.1/bin/../lib/gcc/arm-none-eabi/15.2.1/thumb/v7e-m+fp/hard/crtbegin.o
 *(.init)
 .init          0x08001220        0x4 C:/xpack/xpack-arm-none-eabi-gcc-15.2.1-1.1-win32-x64/xpack-arm-none-eabi-gcc-15.2.1-1.1/bin/../lib/gcc/arm-none-eabi/15.2.1/thumb/v7e-m+fp/hard/crti.o
                0x08001220                _init
 .init          0x08001224        0x8 C:/xpack/xpack-arm-none-eabi-gcc-15.2.1-1.1-win32-x64/xpack-arm-none-eabi-gcc-15.2.1-1.1/bin/../lib/gcc/arm-none-eabi/15.2.1/thumb/v7e-m+fp/hard/crtn.o
 *(.fini)
 .fini          0x0800122c        0x4 C:/xpack/xpack-arm-none-eabi-gcc-15.2.1-1.1-win32-x64/xpack-arm-none-eabi-gcc-15.2.1-1.1/bin/../lib/gcc/arm-none-eabi/15.2.1/thumb/v7e-m+fp/hard/crti.o
                0x0800122c                _fini
 .fini          0x08001230        0x8 C:/xpack/xpack-arm-none-eabi-gcc-15.2.1-1.1-win32-x64/xpack-arm-none-eabi-gcc-15.2.1-1.1/bin/../lib/gcc/arm-none-eabi/15.2.1/thumb/v7e-m+fp/hard/crtn.o
                0x08001238                        . = ALIGN (0x4)
                0x08001238                        _etext = .

.vfp11_veneer   0x08001238        0x0
 .vfp11_veneer  0x08001238        0x0 linker stubs

.v4_bx          0x08001238        0x0
 .v4_bx         0x08001238        0x0 linker stubs

.iplt           0x08001238        0x0
 .iplt          0x08001238        0x0 C:/xpack/xpack-arm-none-eabi-gcc-15.2.1-1.1-win32-x64/xpack-arm-none-eabi-gcc-15.2.1-1.1/bin/../lib/gcc/arm-none-eabi/15.2.1/thumb/v7e-m+fp/hard/crtbegin.o

.rodata         0x08001238       0x10
                0x08001238                        . = ALIGN (0x4)
 *(.rodata)
 *(.rodata*)
 .rodata.AHBPrescTable
                0x08001238       0x10 build/system_stm32f4xx.o
                0x08001238                AHBPrescTable
                0x08001248                        . = ALIGN (0x4)

.ARM.extab      0x08001248        0x0
                0x08001248                        . = ALIGN (0x4)
 *(.ARM.extab* .gnu.linkonce.armextab.*)
                0x08001248                        . = ALIGN (0x4)

.ARM            0x08001248        0x8
                0x08001248                        . = ALIGN (0x4)
                0x08001248                        __exidx_start = .
 *(.ARM.exidx*)
 .ARM.exidx.text.__udivmoddi4
                0x08001248        0x8 C:/xpack/xpack-arm-none-eabi-gcc-15.2.1-1.1-win32-x64/xpack-arm-none-eabi-gcc-15.2.1-1.1/bin/../lib/gcc/arm-none-eabi/15.2.1/thumb/v7e-m+fp/hard\libgcc.a(_udivmoddi4.o)
                0x08001250                        __exidx_end = .
                0x08001250                        . = ALIGN (0x4)

.preinit_array  0x08001250        0x0
                0x08001250                        . = ALIGN (0x4)
                0x08001250                        PROVIDE (__preinit_array_start = .)
 *(.preinit_array*)
                0x08001250                        PROVIDE (__preinit_array_end = .)
                0x08001250                        . = ALIGN (0x4)

.init_array     0x08001250        0x4
                0x08001250                        . = ALIGN (0x4)
                0x08001250                        PROVIDE (__init_array_start = .)
 *(SORT_BY_NAME(.init_array.*))
 *(.init_array*)
 .init_array    0x08001250        0x4 C:/xpack/xpack-arm-none-eabi-gcc-15.2.1-1.1-win32-x64/xpack-arm-none-eabi-gcc-15.2.1-1.1/bin/../lib/gcc/arm-none-eabi/15.2.1/thumb/v7e-m+fp/hard/crtbegin.o
                0x08001254                        PROVIDE (__init_array_end = .)
                0x08001254                        . = ALIGN (0x4)

.fini_array     0x08001254        0x4
                0x08001254                        . = ALIGN (0x4)
                0x08001254                        PROVIDE (__fini_array_start = .)
 *(SORT_BY_NAME(.fini_array.*))
 *(.fini_array*)
 .fini_array    0x08001254        0x4 C:/xpack/xpack-arm-none-eabi-gcc-15.2.1-1.1-win32-x64/xpack-arm-none-eabi-gcc-15.2.1-1.1/bin/../lib/gcc/arm-none-eabi/15.2.1/thumb/v7e-m+fp/hard/crtbegin.o
                0x08001258                        PROVIDE (__fini_array_end = .)
                0x08001258                        . = ALIGN (0x4)
                0x08001258                        _sidata = LOADADDR (.data)

.rel.dyn        0x08001258        0x0
 .rel.iplt      0x08001258        0x0 C:/xpack/xpack-arm-none-eabi-gcc-15.2.1-1.1-win32-x64/xpack-arm-none-eabi-gcc-15.2.1-1.1/bin/../lib/gcc/arm-none-eabi/15.2.1/thumb/v7e-m+fp/hard/crtbegin.o

.data           0x20000000        0xc load address 0x08001258
                0x20000000                        . = ALIGN (0x4)
                0x20000000                        _sdata = .
 *(.data)
 *(.data*)
 .data.uwTickFreq
                0x20000000        0x1 build/stm32f4xx_hal.o
                0x20000000                uwTickFreq
 *fill*         0x20000001        0x3 
 .data.uwTickPrio
                0x20000004        0x4 build/stm32f4xx_hal.o
                0x20000004                uwTickPrio
 .data.SystemCoreClock
                0x20000008        0x4 build/system_stm32f4xx.o
                0x20000008                SystemCoreClock
 *(.RamFunc)
 *(.RamFunc*)
                0x2000000c                        . = ALIGN (0x4)
                0x2000000c                        _edata = .

.igot.plt       0x2000000c        0x0 load address 0x08001264
 .igot.plt      0x2000000c        0x0 C:/xpack/xpack-arm-none-eabi-gcc-15.2.1-1.1-win32-x64/xpack-arm-none-eabi-gcc-15.2.1-1.1/bin/../lib/gcc/arm-none-eabi/15.2.1/thumb/v7e-m+fp/hard/crtbegin.o
                0x2000000c                        . = ALIGN (0x4)

.bss            0x2000000c       0x20 load address 0x08001264
                0x2000000c                        _sbss = .
                0x2000000c                        __bss_start__ = _sbss
 *(.bss)
 *(.bss*)
 .bss.completed.1
                0x2000000c        0x1 C:/xpack/xpack-arm-none-eabi-gcc-15.2.1-1.1-win32-x64/xpack-arm-none-eabi-gcc-15.2.1-1.1/bin/../lib/gcc/arm-none-eabi/15.2.1/thumb/v7e-m+fp/hard/crtbegin.o
 *fill*         0x2000000d        0x3 
 .bss.object.0  0x20000010       0x18 C:/xpack/xpack-arm-none-eabi-gcc-15.2.1-1.1-win32-x64/xpack-arm-none-eabi-gcc-15.2.1-1.1/bin/../lib/gcc/arm-none-eabi/15.2.1/thumb/v7e-m+fp/hard/crtbegin.o
 .bss.uwTick    0x20000028        0x4 build/stm32f4xx_hal.o
                0x20000028                uwTick
 *(COMMON)
                0x2000002c                        . = ALIGN (0x4)
                0x2000002c                        _ebss = .
                0x2000002c                        __bss_end__ = _ebss

._user_heap_stack
                0x2000002c      0x604 load address 0x08001264
                0x20000030                        . = ALIGN (0x8)
 *fill*         0x2000002c        0x4 
                [!provide]                        PROVIDE (end = .)
                0x20000030                        PROVIDE (_end = .)
                0x20000230                        . = (. + _Min_Heap_Size)
 *fill*         0x20000030      0x200 
                0x20000630                        . = (. + _Min_Stack_Size)
 *fill*         0x20000230      0x400 
                0x20000630                        . = ALIGN (0x8)

/DISCARD/
 libc.a(*)
 libm.a(*)
 libgcc.a(*)
OUTPUT(build/bootapp.elf elf32-littlearm)
LOAD linker stubs
LOAD C:/xpack/xpack-arm-none-eabi-gcc-15.2.1-1.1-win32-x64/xpack-arm-none-eabi-gcc-15.2.1-1.1/bin/../lib/gcc/arm-none-eabi/15.2.1/../../../../arm-none-eabi/lib/thumb/v7e-m+fp/hard\libc.a
LOAD C:/xpack/xpack-arm-none-eabi-gcc-15.2.1-1.1-win32-x64/xpack-arm-none-eabi-gcc-15.2.1-1.1/bin/../lib/gcc/arm-none-eabi/15.2.1/../../../../arm-none-eabi/lib/thumb/v7e-m+fp/hard\libm.a
LOAD C:/xpack/xpack-arm-none-eabi-gcc-15.2.1-1.1-win32-x64/xpack-arm-none-eabi-gcc-15.2.1-1.1/bin/../lib/gcc/arm-none-eabi/15.2.1/thumb/v7e-m+fp/hard\libgcc.a

.ARM.attributes
                0x00000000       0x30
 .ARM.attributes
                0x00000000       0x22 C:/xpack/xpack-arm-none-eabi-gcc-15.2.1-1.1-win32-x64/xpack-arm-none-eabi-gcc-15.2.1-1.1/bin/../lib/gcc/arm-none-eabi/15.2.1/thumb/v7e-m+fp/hard/crti.o
 .ARM.attributes
                0x00000022       0x34 C:/xpack/xpack-arm-none-eabi-gcc-15.2.1-1.1-win32-x64/xpack-arm-none-eabi-gcc-15.2.1-1.1/bin/../lib/gcc/arm-none-eabi/15.2.1/thumb/v7e-m+fp/hard/crtbegin.o
 .ARM.attributes
                0x00000056       0x34 build/main.o
 .ARM.attributes
                0x0000008a       0x34 build/stm32f4xx_it.o
 .ARM.attributes
                0x000000be       0x34 build/stm32f4xx_hal_msp.o
 .ARM.attributes
                0x000000f2       0x34 build/stm32f4xx_hal_rcc.o
 .ARM.attributes
                0x00000126       0x34 build/stm32f4xx_hal_gpio.o
 .ARM.attributes
                0x0000015a       0x34 build/stm32f4xx_hal_cortex.o
 .ARM.attributes
                0x0000018e       0x34 build/stm32f4xx_hal.o
 .ARM.attributes
                0x000001c2       0x34 build/system_stm32f4xx.o
 .ARM.attributes
                0x000001f6       0x34 build/bootloader.o
 .ARM.attributes
                0x0000022a       0x21 build/startup_stm32f401xc.o
 .ARM.attributes
                0x0000024b       0x34 C:/xpack/xpack-arm-none-eabi-gcc-15.2.1-1.1-win32-x64/xpack-arm-none-eabi-gcc-15.2.1-1.1/bin/../lib/gcc/arm-none-eabi/15.2.1/../../../../arm-none-eabi/lib/thumb/v7e-m+fp/hard\libc_nano.a(libc_a-memset.o)
 .ARM.attributes
                0x0000027f       0x34 C:/xpack/xpack-arm-none-eabi-gcc-15.2.1-1.1-win32-x64/xpack-arm-none-eabi-gcc-15.2.1-1.1/bin/../lib/gcc/arm-none-eabi/15.2.1/../../../../arm-none-eabi/lib/thumb/v7e-m+fp/hard\libc_nano.a(libc_a-init.o)
 .ARM.attributes
                0x000002b3       0x22 C:/xpack/xpack-arm-none-eabi-gcc-15.2.1-1.1-win32-x64/xpack-arm-none-eabi-gcc-15.2.1-1.1/bin/../lib/gcc/arm-none-eabi/15.2.1/thumb/v7e-m+fp/hard\libgcc.a(_aeabi_uldivmod.o)
 .ARM.attributes
                0x000002d5       0x34 C:/xpack/xpack-arm-none-eabi-gcc-15.2.1-1.1-win32-x64/xpack-arm-none-eabi-gcc-15.2.1-1.1/bin/../lib/gcc/arm-none-eabi/15.2.1/thumb/v7e-m+fp/hard\libgcc.a(_udivmoddi4.o)
 .ARM.attributes
                0x00000309       0x22 C:/xpack/xpack-arm-none-eabi-gcc-15.2.1-1.1-win32-x64/xpack-arm-none-eabi-gcc-15.2.1-1.1/bin/../lib/gcc/arm-none-eabi/15.2.1/thumb/v7e-m+fp/hard\libgcc.a(_dvmd_tls.o)
 .ARM.attributes
                0x0000032b       0x22 C:/xpack/xpack-arm-none-eabi-gcc-15.2.1-1.1-win32-x64/xpack-arm-none-eabi-gcc-15.2.1-1.1/bin/../lib/gcc/arm-none-eabi/15.2.1/thumb/v7e-m+fp/hard/crtn.o

.comment        0x00000000       0x39
 .comment       0x00000000       0x39 C:/xpack/xpack-arm-none-eabi-gcc-15.2.1-1.1-win32-x64/xpack-arm-none-eabi-gcc-15.2.1-1.1/bin/../lib/gcc/arm-none-eabi/15.2.1/thumb/v7e-m+fp/hard/crtbegin.o
                                 0x3a (size before relaxing)
 .comment       0x00000039        0x0 build/main.o
                                 0x3a (size before relaxing)
 .comment       0x00000039        0x0 build/stm32f4xx_it.o
                                 0x3a (size before relaxing)
 .comment       0x00000039        0x0 build/stm32f4xx_hal_msp.o
                                 0x3a (size before relaxing)
 .comment       0x00000039        0x0 build/stm32f4xx_hal_rcc.o
                                 0x3a (size before relaxing)
 .comment       0x00000039        0x0 build/stm32f4xx_hal_gpio.o
                                 0x3a (size before relaxing)
 .comment       0x00000039        0x0 build/stm32f4xx_hal_cortex.o
                                 0x3a (size before relaxing)
 .comment       0x00000039        0x0 build/stm32f4xx_hal.o
                                 0x3a (size before relaxing)
 .comment       0x00000039        0x0 build/system_stm32f4xx.o
                                 0x3a (size before relaxing)
 .comment       0x00000039        0x0 build/bootloader.o
                                 0x3a (size before relaxing)
 .comment       0x00000039        0x0 C:/xpack/xpack-arm-none-eabi-gcc-15.2.1-1.1-win32-x64/xpack-arm-none-eabi-gcc-15.2.1-1.1/bin/../lib/gcc/arm-none-eabi/15.2.1/../../../../arm-none-eabi/lib/thumb/v7e-m+fp/hard\libc_nano.a(libc_a-memset.o)
                                 0x3a (size before relaxing)
 .comment       0x00000039        0x0 C:/xpack/xpack-arm-none-eabi-gcc-15.2.1-1.1-win32-x64/xpack-arm-none-eabi-gcc-15.2.1-1.1/bin/../lib/gcc/arm-none-eabi/15.2.1/../../../../arm-none-eabi/lib/thumb/v7e-m+fp/hard\libc_nano.a(libc_a-init.o)
                                 0x3a (size before relaxing)
 .comment       0x00000039        0x0 C:/xpack/xpack-arm-none-eabi-gcc-15.2.1-1.1-win32-x64/xpack-arm-none-eabi-gcc-15.2.1-1.1/bin/../lib/gcc/arm-none-eabi/15.2.1/thumb/v7e-m+fp/hard\libgcc.a(_udivmoddi4.o)
                                 0x3a (size before relaxing)

.debug_info     0x00000000     0x51b2
 .debug_info    0x00000000      0x9a1 build/main.o
 .debug_info    0x000009a1      0x157 build/stm32f4xx_it.o
 .debug_info    0x00000af8      0x31d build/stm32f4xx_hal_msp.o
 .debug_info    0x00000e15      0xc4c build/stm32f4xx_hal_rcc.o
 .debug_info    0x00001a61      0x878 build/stm32f4xx_hal_gpio.o
 .debug_info    0x000022d9     0x114a build/stm32f4xx_hal_cortex.o
 .debug_info    0x00003423      0xa85 build/stm32f4xx_hal.o
 .debug_info    0x00003ea8      0x5e5 build/system_stm32f4xx.o
 .debug_info    0x0000448d      0x58d build/bootloader.o
 .debug_info    0x00004a1a       0x30 build/startup_stm32f401xc.o
 .debug_info    0x00004a4a       0x24 C:/xpack/xpack-arm-none-eabi-gcc-15.2.1-1.1-win32-x64/xpack-arm-none-eabi-gcc-15.2.1-1.1/bin/../lib/gcc/arm-none-eabi/15.2.1/thumb/v7e-m+fp/hard\libgcc.a(_aeabi_uldivmod.o)
 .debug_info    0x00004a6e      0x708 C:/xpack/xpack-arm-none-eabi-gcc-15.2.1-1.1-win32-x64/xpack-arm-none-eabi-gcc-15.2.1-1.1/bin/../lib/gcc/arm-none-eabi/15.2.1/thumb/v7e-m+fp/hard\libgcc.a(_udivmoddi4.o)
 .debug_info    0x00005176       0x3c C:/xpack/xpack-arm-none-eabi-gcc-15.2.1-1.1-win32-x64/xpack-arm-none-eabi-gcc-15.2.1-1.1/bin/../lib/gcc/arm-none-eabi/15.2.1/thumb/v7e-m+fp/hard\libgcc.a(_dvmd_tls.o)

.debug_abbrev   0x00000000     0x1408
 .debug_abbrev  0x00000000      0x240 build/main.o
 .debug_abbrev  0x00000240       0x80 build/stm32f4xx_it.o
 .debug_abbrev  0x000002c0       0xd3 build/stm32f4xx_hal_msp.o
 .debug_abbrev  0x00000393      0x2de build/stm32f4xx_hal_rcc.o
 .debug_abbrev  0x00000671      0x23f build/stm32f4xx_hal_gpio.o
 .debug_abbrev  0x000008b0      0x3ca build/stm32f4xx_hal_cortex.o
 .debug_abbrev  0x00000c7a      0x275 build/stm32f4xx_hal.o
 .debug_abbrev  0x00000eef      0x11b build/system_stm32f4xx.o
 .debug_abbrev  0x0000100a      0x237 build/bootloader.o
 .debug_abbrev  0x00001241       0x1d build/startup_stm32f401xc.o
 .debug_abbrev  0x0000125e       0x14 C:/xpack/xpack-arm-none-eabi-gcc-15.2.1-1.1-win32-x64/xpack-arm-none-eabi-gcc-15.2.1-1.1/bin/../lib/gcc/arm-none-eabi/15.2.1/thumb/v7e-m+fp/hard\libgcc.a(_aeabi_uldivmod.o)
 .debug_abbrev  0x00001272      0x170 C:/xpack/xpack-arm-none-eabi-gcc-15.2.1-1.1-win32-x64/xpack-arm-none-eabi-gcc-15.2.1-1.1/bin/../lib/gcc/arm-none-eabi/15.2.1/thumb/v7e-m+fp/hard\libgcc.a(_udivmoddi4.o)
 .debug_abbrev  0x000013e2       0x26 C:/xpack/xpack-arm-none-eabi-gcc-15.2.1-1.1-win32-x64/xpack-arm-none-eabi-gcc-15.2.1-1.1/bin/../lib/gcc/arm-none-eabi/15.2.1/thumb/v7e-m+fp/hard\libgcc.a(_dvmd_tls.o)

.debug_loc      0x00000000     0x1998
 .debug_loc     0x00000000       0x9e build/main.o
 .debug_loc     0x0000009e       0x20 build/stm32f4xx_it.o
 .debug_loc     0x000000be       0x2c build/stm32f4xx_hal_msp.o
 .debug_loc     0x000000ea      0x6de build/stm32f4xx_hal_rcc.o
 .debug_loc     0x000007c8      0x5d5 build/stm32f4xx_hal_gpio.o
 .debug_loc     0x00000d9d      0x896 build/stm32f4xx_hal_cortex.o
 .debug_loc     0x00001633      0x1f9 build/stm32f4xx_hal.o
 .debug_loc     0x0000182c       0xb0 build/system_stm32f4xx.o
 .debug_loc     0x000018dc       0xbc build/bootloader.o

.debug_aranges  0x00000000      0x460
 .debug_aranges
                0x00000000       0x38 build/main.o
 .debug_aranges
                0x00000038       0x60 build/stm32f4xx_it.o
 .debug_aranges
                0x00000098       0x20 build/stm32f4xx_hal_msp.o
 .debug_aranges
                0x000000b8       0x88 build/stm32f4xx_hal_rcc.o
 .debug_aranges
                0x00000140       0x58 build/stm32f4xx_hal_gpio.o
 .debug_aranges
                0x00000198       0xf8 build/stm32f4xx_hal_cortex.o
 .debug_aranges
                0x00000290       0xf0 build/stm32f4xx_hal.o
 .debug_aranges
                0x00000380       0x28 build/system_stm32f4xx.o
 .debug_aranges
                0x000003a8       0x30 build/bootloader.o
 .debug_aranges
                0x000003d8       0x28 build/startup_stm32f401xc.o
 .debug_aranges
                0x00000400       0x20 C:/xpack/xpack-arm-none-eabi-gcc-15.2.1-1.1-win32-x64/xpack-arm-none-eabi-gcc-15.2.1-1.1/bin/../lib/gcc/arm-none-eabi/15.2.1/thumb/v7e-m+fp/hard\libgcc.a(_aeabi_uldivmod.o)
 .debug_aranges
                0x00000420       0x20 C:/xpack/xpack-arm-none-eabi-gcc-15.2.1-1.1-win32-x64/xpack-arm-none-eabi-gcc-15.2.1-1.1/bin/../lib/gcc/arm-none-eabi/15.2.1/thumb/v7e-m+fp/hard\libgcc.a(_udivmoddi4.o)
 .debug_aranges
                0x00000440       0x20 C:/xpack/xpack-arm-none-eabi-gcc-15.2.1-1.1-win32-x64/xpack-arm-none-eabi-gcc-15.2.1-1.1/bin/../lib/gcc/arm-none-eabi/15.2.1/thumb/v7e-m+fp/hard\libgcc.a(_dvmd_tls.o)

.debug_ranges   0x00000000      0x380
 .debug_ranges  0x00000000       0x28 build/main.o
 .debug_ranges  0x00000028       0x50 build/stm32f4xx_it.o
 .debug_ranges  0x00000078       0x10 build/stm32f4xx_hal_msp.o
 .debug_ranges  0x00000088       0x90 build/stm32f4xx_hal_rcc.o
 .debug_ranges  0x00000118       0x48 build/stm32f4xx_hal_gpio.o
 .debug_ranges  0x00000160       0xe8 build/stm32f4xx_hal_cortex.o
 .debug_ranges  0x00000248       0xe0 build/stm32f4xx_hal.o
 .debug_ranges  0x00000328       0x18 build/system_stm32f4xx.o
 .debug_ranges  0x00000340       0x20 build/bootloader.o
 .debug_ranges  0x00000360       0x20 build/startup_stm32f401xc.o

.debug_line     0x00000000     0x3506
 .debug_line    0x00000000      0x3f7 build/main.o
 .debug_line    0x000003f7      0x13d build/stm32f4xx_it.o
 .debug_line    0x00000534      0x1a6 build/stm32f4xx_hal_msp.o
 .debug_line    0x000006da      0xc0f build/stm32f4xx_hal_rcc.o
 .debug_line    0x000012e9      0x6fd build/stm32f4xx_hal_gpio.o
 .debug_line    0x000019e6      0x889 build/stm32f4xx_hal_cortex.o
 .debug_line    0x0000226f      0x5b9 build/stm32f4xx_hal.o
 .debug_line    0x00002828      0x29d build/system_stm32f4xx.o
 .debug_line    0x00002ac5      0x2de build/bootloader.o
 .debug_line    0x00002da3       0x73 build/startup_stm32f401xc.o
 .debug_line    0x00002e16       0x4e C:/xpack/xpack-arm-none-eabi-gcc-15.2.1-1.1-win32-x64/xpack-arm-none-eabi-gcc-15.2.1-1.1/bin/../lib/gcc/arm-none-eabi/15.2.1/thumb/v7e-m+fp/hard\libgcc.a(_aeabi_uldivmod.o)
 .debug_line    0x00002e64      0x658 C:/xpack/xpack-arm-none-eabi-gcc-15.2.1-1.1-win32-x64/xpack-arm-none-eabi-gcc-15.2.1-1.1/bin/../lib/gcc/arm-none-eabi/15.2.1/thumb/v7e-m+fp/hard\libgcc.a(_udivmoddi4.o)
 .debug_line    0x000034bc       0x4a C:/xpack/xpack-arm-none-eabi-gcc-15.2.1-1.1-win32-x64/xpack-arm-none-eabi-gcc-15.2.1-1.1/bin/../lib/gcc/arm-none-eabi/15.2.1/thumb/v7e-m+fp/hard\libgcc.a(_dvmd_tls.o)

.debug_str      0x00000000     0x1e05
 .debug_str     0x00000000     0x1e05 build/main.o
                                0x58e (size before relaxing)
 .debug_str     0x00001e05        0x0 build/stm32f4xx_it.o
                                0x20a (size before relaxing)
 .debug_str     0x00001e05        0x0 build/stm32f4xx_hal_msp.o
                                0x2a8 (size before relaxing)
 .debug_str     0x00001e05        0x0 build/stm32f4xx_hal_rcc.o
                                0x6f3 (size before relaxing)
 .debug_str     0x00001e05        0x0 build/stm32f4xx_hal_gpio.o
                                0x4cd (size before relaxing)
 .debug_str     0x00001e05        0x0 build/stm32f4xx_hal_cortex.o
                                0xaee (size before relaxing)
 .debug_str     0x00001e05        0x0 build/stm32f4xx_hal.o
                                0x9ef (size before relaxing)
 .debug_str     0x00001e05        0x0 build/system_stm32f4xx.o
                                0x362 (size before relaxing)
 .debug_str     0x00001e05        0x0 build/bootloader.o
                                0x32c (size before relaxing)
 .debug_str     0x00001e05        0x0 build/startup_stm32f401xc.o
                                 0x5d (size before relaxing)
 .debug_str     0x00001e05        0x0 C:/xpack/xpack-arm-none-eabi-gcc-15.2.1-1.1-win32-x64/xpack-arm-none-eabi-gcc-15.2.1-1.1/bin/../lib/gcc/arm-none-eabi/15.2.1/thumb/v7e-m+fp/hard\libgcc.a(_aeabi_uldivmod.o)
                                0x194 (size before relaxing)
 .debug_str     0x00001e05        0x0 C:/xpack/xpack-arm-none-eabi-gcc-15.2.1-1.1-win32-x64/xpack-arm-none-eabi-gcc-15.2.1-1.1/bin/../lib/gcc/arm-none-eabi/15.2.1/thumb/v7e-m+fp/hard\libgcc.a(_udivmoddi4.o)
                                0x7ad (size before relaxing)
 .debug_str     0x00001e05        0x0 C:/xpack/xpack-arm-none-eabi-gcc-15.2.1-1.1-win32-x64/xpack-arm-none-eabi-gcc-15.2.1-1.1/bin/../lib/gcc/arm-none-eabi/15.2.1/thumb/v7e-m+fp/hard\libgcc.a(_dvmd_tls.o)
                                0x1b4 (size before relaxing)

.debug_frame    0x00000000      0x87c
 .debug_frame   0x00000000       0x7c build/main.o
 .debug_frame   0x0000007c       0xa8 build/stm32f4xx_it.o
 .debug_frame   0x00000124       0x28 build/stm32f4xx_hal_msp.o
 .debug_frame   0x0000014c      0x16c build/stm32f4xx_hal_rcc.o
 .debug_frame   0x000002b8       0xd0 build/stm32f4xx_hal_gpio.o
 .debug_frame   0x00000388      0x214 build/stm32f4xx_hal_cortex.o
 .debug_frame   0x0000059c      0x1ec build/stm32f4xx_hal.o
 .debug_frame   0x00000788       0x30 build/system_stm32f4xx.o
 .debug_frame   0x000007b8       0x54 build/bootloader.o
 .debug_frame   0x0000080c       0x2c C:/xpack/xpack-arm-none-eabi-gcc-15.2.1-1.1-win32-x64/xpack-arm-none-eabi-gcc-15.2.1-1.1/bin/../lib/gcc/arm-none-eabi/15.2.1/thumb/v7e-m+fp/hard\libgcc.a(_aeabi_uldivmod.o)
 .debug_frame   0x00000838       0x44 C:/xpack/xpack-arm-none-eabi-gcc-15.2.1-1.1-win32-x64/xpack-arm-none-eabi-gcc-15.2.1-1.1/bin/../lib/gcc/arm-none-eabi/15.2.1/thumb/v7e-m+fp/hard\libgcc.a(_udivmoddi4.o)

.debug_line_str
                0x00000000      0x192
 .debug_line_str
                0x00000000      0x192 C:/xpack/xpack-arm-none-eabi-gcc-15.2.1-1.1-win32-x64/xpack-arm-none-eabi-gcc-15.2.1-1.1/bin/../lib/gcc/arm-none-eabi/15.2.1/thumb/v7e-m+fp/hard\libgcc.a(_aeabi_uldivmod.o)
                                0x186 (size before relaxing)
 .debug_line_str
                0x00000192        0x0 C:/xpack/xpack-arm-none-eabi-gcc-15.2.1-1.1-win32-x64/xpack-arm-none-eabi-gcc-15.2.1-1.1/bin/../lib/gcc/arm-none-eabi/15.2.1/thumb/v7e-m+fp/hard\libgcc.a(_dvmd_tls.o)
                                0x18a (size before relaxing)

.debug_loclists
                0x00000000      0xa6f
 .debug_loclists
                0x00000000      0xa6f C:/xpack/xpack-arm-none-eabi-gcc-15.2.1-1.1-win32-x64/xpack-arm-none-eabi-gcc-15.2.1-1.1/bin/../lib/gcc/arm-none-eabi/15.2.1/thumb/v7e-m+fp/hard\libgcc.a(_udivmoddi4.o)

.debug_rnglists
                0x00000000       0x9c
 .debug_rnglists
                0x00000000       0x9c C:/xpack/xpack-arm-none-eabi-gcc-15.2.1-1.1-win32-x64/xpack-arm-none-eabi-gcc-15.2.1-1.1/bin/../lib/gcc/arm-none-eabi/15.2.1/thumb/v7e-m+fp/hard\libgcc.a(_udivmoddi4.o)

Cross Reference Table

Symbol                                            File
ADC_IRQHandler                                    build/startup_stm32f401xc.o
AHBPrescTable                                     build/system_stm32f4xx.o
                                                  build/stm32f4xx_hal_rcc.o
APBPrescTable                                     build/system_stm32f4xx.o
                                                  build/stm32f4xx_hal_rcc.o
BusFault_Handler                                  build/stm32f4xx_it.o
DMA1_Stream0_IRQHandler                           build/startup_stm32f401xc.o
DMA1_Stream1_IRQHandler                           build/startup_stm32f401xc.o
DMA1_Stream2_IRQHandler                           build/startup_stm32f401xc.o
DMA1_Stream3_IRQHandler                           build/startup_stm32f401xc.o
DMA1_Stream4_IRQHandler                           build/startup_stm32f401xc.o
DMA1_Stream5_IRQHandler                           build/startup_stm32f401xc.o
DMA1_Stream6_IRQHandler                           build/startup_stm32f401xc.o
DMA1_Stream7_IRQHandler                           build/startup_stm32f401xc.o
DMA2_Stream0_IRQHandler                           build/startup_stm32f401xc.o
DMA2_Stream1_IRQHandler                           build/startup_stm32f401xc.o
DMA2_Stream2_IRQHandler                           build/startup_stm32f401xc.o
DMA2_Stream3_IRQHandler                           build/startup_stm32f401xc.o
DMA2_Stream4_IRQHandler                           build/startup_stm32f401xc.o
DMA2_Stream5_IRQHandler                           build/startup_stm32f401xc.o
DMA2_Stream6_IRQHandler                           build/startup_stm32f401xc.o
DMA2_Stream7_IRQHandler                           build/startup_stm32f401xc.o
DebugMon_Handler                                  build/stm32f4xx_it.o
Default_Handler                                   build/startup_stm32f401xc.o
EXTI0_IRQHandler                                  build/startup_stm32f401xc.o
EXTI15_10_IRQHandler                              build/startup_stm32f401xc.o
EXTI1_IRQHandler                                  build/startup_stm32f401xc.o
EXTI2_IRQHandler                                  build/startup_stm32f401xc.o
EXTI3_IRQHandler                                  build/startup_stm32f401xc.o
EXTI4_IRQHandler                                  build/startup_stm32f401xc.o
EXTI9_5_IRQHandler                                build/startup_stm32f401xc.o
Error_Handler                                     build/main.o
FLASH_Erase_Sector                                build/stm32f4xx_hal_flash_ex.o
                                                  build/stm32f4xx_hal_flash.o
FLASH_FlushCaches                                 build/stm32f4xx_hal_flash_ex.o
                                                  build/stm32f4xx_hal_flash.o
FLASH_IRQHandler                                  build/startup_stm32f401xc.o
FLASH_WaitForLastOperation                        build/stm32f4xx_hal_flash.o
                                                  build/stm32f4xx_hal_flash_ex.o
FPU_IRQHandler                                    build/startup_stm32f401xc.o
HAL_CORTEX_ClearEvent                             build/stm32f4xx_hal_cortex.o
HAL_DBGMCU_DisableDBGSleepMode                    build/stm32f4xx_hal.o
HAL_DBGMCU_DisableDBGStandbyMode                  build/stm32f4xx_hal.o
HAL_DBGMCU_DisableDBGStopMode                     build/stm32f4xx_hal.o
HAL_DBGMCU_EnableDBGSleepMode                     build/stm32f4xx_hal.o
HAL_DBGMCU_EnableDBGStandbyMode                   build/stm32f4xx_hal.o
HAL_DBGMCU_EnableDBGStopMode                      build/stm32f4xx_hal.o
HAL_DMAEx_ChangeMemory                            build/stm32f4xx_hal_dma_ex.o
HAL_DMAEx_MultiBufferStart                        build/stm32f4xx_hal_dma_ex.o
HAL_DMAEx_MultiBufferStart_IT                     build/stm32f4xx_hal_dma_ex.o
HAL_DMA_Abort                                     build/stm32f4xx_hal_dma.o
HAL_DMA_Abort_IT                                  build/stm32f4xx_hal_dma.o
HAL_DMA_DeInit                                    build/stm32f4xx_hal_dma.o
HAL_DMA_GetError                                  build/stm32f4xx_hal_dma.o
HAL_DMA_GetState                                  build/stm32f4xx_hal_dma.o
HAL_DMA_IRQHandler                                build/stm32f4xx_hal_dma.o
HAL_DMA_Init                                      build/stm32f4xx_hal_dma.o
HAL_DMA_PollForTransfer                           build/stm32f4xx_hal_dma.o
HAL_DMA_RegisterCallback                          build/stm32f4xx_hal_dma.o
HAL_DMA_Start                                     build/stm32f4xx_hal_dma.o
HAL_DMA_Start_IT                                  build/stm32f4xx_hal_dma.o
HAL_DMA_UnRegisterCallback                        build/stm32f4xx_hal_dma.o
HAL_DeInit                                        build/stm32f4xx_hal.o
                                                  build/bootloader.o
HAL_Delay                                         build/stm32f4xx_hal.o
                                                  build/bootloader.o
                                                  build/main.o
HAL_DisableCompensationCell                       build/stm32f4xx_hal.o
HAL_EXTI_ClearConfigLine                          build/stm32f4xx_hal_exti.o
HAL_EXTI_ClearPending                             build/stm32f4xx_hal_exti.o
HAL_EXTI_GenerateSWI                              build/stm32f4xx_hal_exti.o
HAL_EXTI_GetConfigLine                            build/stm32f4xx_hal_exti.o
HAL_EXTI_GetHandle                                build/stm32f4xx_hal_exti.o
HAL_EXTI_GetPending                               build/stm32f4xx_hal_exti.o
HAL_EXTI_IRQHandler                               build/stm32f4xx_hal_exti.o
HAL_EXTI_RegisterCallback                         build/stm32f4xx_hal_exti.o
HAL_EXTI_SetConfigLine                            build/stm32f4xx_hal_exti.o
HAL_EnableCompensationCell                        build/stm32f4xx_hal.o
HAL_FLASHEx_AdvOBGetConfig                        build/stm32f4xx_hal_flash_ex.o
HAL_FLASHEx_AdvOBProgram                          build/stm32f4xx_hal_flash_ex.o
HAL_FLASHEx_Erase                                 build/stm32f4xx_hal_flash_ex.o
HAL_FLASHEx_Erase_IT                              build/stm32f4xx_hal_flash_ex.o
HAL_FLASHEx_OBGetConfig                           build/stm32f4xx_hal_flash_ex.o
HAL_FLASHEx_OBProgram                             build/stm32f4xx_hal_flash_ex.o
HAL_FLASHEx_OB_DeSelectPCROP                      build/stm32f4xx_hal_flash_ex.o
HAL_FLASHEx_OB_SelectPCROP                        build/stm32f4xx_hal_flash_ex.o
HAL_FLASH_EndOfOperationCallback                  build/stm32f4xx_hal_flash.o
HAL_FLASH_GetError                                build/stm32f4xx_hal_flash.o
HAL_FLASH_IRQHandler                              build/stm32f4xx_hal_flash.o
HAL_FLASH_Lock                                    build/stm32f4xx_hal_flash.o
HAL_FLASH_OB_Launch                               build/stm32f4xx_hal_flash.o
HAL_FLASH_OB_Lock                                 build/stm32f4xx_hal_flash.o
HAL_FLASH_OB_Unlock                               build/stm32f4xx_hal_flash.o
HAL_FLASH_OperationErrorCallback                  build/stm32f4xx_hal_flash.o
HAL_FLASH_Program                                 build/stm32f4xx_hal_flash.o
HAL_FLASH_Program_IT                              build/stm32f4xx_hal_flash.o
HAL_FLASH_Unlock                                  build/stm32f4xx_hal_flash.o
HAL_GPIO_DeInit                                   build/stm32f4xx_hal_gpio.o
HAL_GPIO_EXTI_Callback                            build/stm32f4xx_hal_gpio.o
HAL_GPIO_EXTI_IRQHandler                          build/stm32f4xx_hal_gpio.o
HAL_GPIO_Init                                     build/stm32f4xx_hal_gpio.o
                                                  build/stm32f4xx_hal_rcc.o
                                                  build/main.o
HAL_GPIO_LockPin                                  build/stm32f4xx_hal_gpio.o
HAL_GPIO_ReadPin                                  build/stm32f4xx_hal_gpio.o
                                                  build/bootloader.o
HAL_GPIO_TogglePin                                build/stm32f4xx_hal_gpio.o
                                                  build/main.o
HAL_GPIO_WritePin                                 build/stm32f4xx_hal_gpio.o
                                                  build/main.o
HAL_GetDEVID                                      build/stm32f4xx_hal.o
HAL_GetHalVersion                                 build/stm32f4xx_hal.o
HAL_GetREVID                                      build/stm32f4xx_hal.o
HAL_GetTick                                       build/stm32f4xx_hal.o
                                                  build/stm32f4xx_hal_pwr_ex.o
                                                  build/stm32f4xx_hal_dma.o
                                                  build/stm32f4xx_hal_flash.o
                                                  build/stm32f4xx_hal_rcc_ex.o
                                                  build/stm32f4xx_hal_rcc.o
HAL_GetTickFreq                                   build/stm32f4xx_hal.o
HAL_GetTickPrio                                   build/stm32f4xx_hal.o
HAL_GetUIDw0                                      build/stm32f4xx_hal.o
HAL_GetUIDw1                                      build/stm32f4xx_hal.o
HAL_GetUIDw2                                      build/stm32f4xx_hal.o
HAL_IncTick                                       build/stm32f4xx_hal.o
                                                  build/stm32f4xx_it.o
HAL_Init                                          build/stm32f4xx_hal.o
                                                  build/main.o
HAL_InitTick                                      build/stm32f4xx_hal.o
                                                  build/stm32f4xx_hal_rcc_ex.o
                                                  build/stm32f4xx_hal_rcc.o
HAL_MPU_ConfigRegion                              build/stm32f4xx_hal_cortex.o
HAL_MPU_Disable                                   build/stm32f4xx_hal_cortex.o
HAL_MPU_DisableRegion                             build/stm32f4xx_hal_cortex.o
HAL_MPU_Enable                                    build/stm32f4xx_hal_cortex.o
HAL_MPU_EnableRegion                              build/stm32f4xx_hal_cortex.o
HAL_MspDeInit                                     build/stm32f4xx_hal.o
HAL_MspInit                                       build/stm32f4xx_hal_msp.o
HAL_NVIC_ClearPendingIRQ                          build/stm32f4xx_hal_cortex.o
HAL_NVIC_DisableIRQ                               build/stm32f4xx_hal_cortex.o
HAL_NVIC_EnableIRQ                                build/stm32f4xx_hal_cortex.o
HAL_NVIC_GetActive                                build/stm32f4xx_hal_cortex.o
HAL_NVIC_GetPendingIRQ                            build/stm32f4xx_hal_cortex.o
HAL_NVIC_GetPriority                              build/stm32f4xx_hal_cortex.o
HAL_NVIC_GetPriorityGrouping                      build/stm32f4xx_hal_cortex.o
HAL_NVIC_SetPendingIRQ                            build/stm32f4xx_hal_cortex.o
HAL_NVIC_SetPriority                              build/stm32f4xx_hal_cortex.o
                                                  build/stm32f4xx_hal.o
HAL_NVIC_SetPriorityGrouping                      build/stm32f4xx_hal_cortex.o
                                                  build/stm32f4xx_hal.o
HAL_NVIC_SystemReset                              build/stm32f4xx_hal_cortex.o
HAL_PWREx_ControlVoltageScaling                   build/stm32f4xx_hal_pwr_ex.o
HAL_PWREx_DisableBkUpReg                          build/stm32f4xx_hal_pwr_ex.o
HAL_PWREx_DisableFlashPowerDown                   build/stm32f4xx_hal_pwr_ex.o
HAL_PWREx_DisableLowRegulatorLowVoltage           build/stm32f4xx_hal_pwr_ex.o
HAL_PWREx_DisableMainRegulatorLowVoltage          build/stm32f4xx_hal_pwr_ex.o
HAL_PWREx_EnableBkUpReg                           build/stm32f4xx_hal_pwr_ex.o
HAL_PWREx_EnableFlashPowerDown                    build/stm32f4xx_hal_pwr_ex.o
HAL_PWREx_EnableLowRegulatorLowVoltage            build/stm32f4xx_hal_pwr_ex.o
HAL_PWREx_EnableMainRegulatorLowVoltage           build/stm32f4xx_hal_pwr_ex.o
HAL_PWREx_GetVoltageRange                         build/stm32f4xx_hal_pwr_ex.o
HAL_PWR_ConfigPVD                                 build/stm32f4xx_hal_pwr.o
HAL_PWR_DeInit                                    build/stm32f4xx_hal_pwr.o
HAL_PWR_DisableBkUpAccess                         build/stm32f4xx_hal_pwr.o
HAL_PWR_DisablePVD                                build/stm32f4xx_hal_pwr.o
HAL_PWR_DisableSEVOnPend                          build/stm32f4xx_hal_pwr.o
HAL_PWR_DisableSleepOnExit                        build/stm32f4xx_hal_pwr.o
HAL_PWR_DisableWakeUpPin                          build/stm32f4xx_hal_pwr.o
HAL_PWR_EnableBkUpAccess                          build/stm32f4xx_hal_pwr.o
HAL_PWR_EnablePVD                                 build/stm32f4xx_hal_pwr.o
HAL_PWR_EnableSEVOnPend                           build/stm32f4xx_hal_pwr.o
HAL_PWR_EnableSleepOnExit                         build/stm32f4xx_hal_pwr.o
HAL_PWR_EnableWakeUpPin                           build/stm32f4xx_hal_pwr.o
HAL_PWR_EnterSLEEPMode                            build/stm32f4xx_hal_pwr.o
HAL_PWR_EnterSTANDBYMode                          build/stm32f4xx_hal_pwr.o
HAL_PWR_EnterSTOPMode                             build/stm32f4xx_hal_pwr.o
HAL_PWR_PVDCallback                               build/stm32f4xx_hal_pwr.o
HAL_PWR_PVD_IRQHandler                            build/stm32f4xx_hal_pwr.o
HAL_RCCEx_DisablePLLI2S                           build/stm32f4xx_hal_rcc_ex.o
HAL_RCCEx_EnablePLLI2S                            build/stm32f4xx_hal_rcc_ex.o
HAL_RCCEx_GetPeriphCLKConfig                      build/stm32f4xx_hal_rcc_ex.o
HAL_RCCEx_GetPeriphCLKFreq                        build/stm32f4xx_hal_rcc_ex.o
HAL_RCCEx_PeriphCLKConfig                         build/stm32f4xx_hal_rcc_ex.o
HAL_RCC_CSSCallback                               build/stm32f4xx_hal_rcc.o
HAL_RCC_ClockConfig                               build/stm32f4xx_hal_rcc.o
                                                  build/main.o
HAL_RCC_DeInit                                    build/stm32f4xx_hal_rcc_ex.o
                                                  build/stm32f4xx_hal_rcc.o
HAL_RCC_DisableCSS                                build/stm32f4xx_hal_rcc.o
HAL_RCC_EnableCSS                                 build/stm32f4xx_hal_rcc.o
HAL_RCC_GetClockConfig                            build/stm32f4xx_hal_rcc.o
HAL_RCC_GetHCLKFreq                               build/stm32f4xx_hal_rcc.o
HAL_RCC_GetOscConfig                              build/stm32f4xx_hal_rcc.o
HAL_RCC_GetPCLK1Freq                              build/stm32f4xx_hal_rcc.o
HAL_RCC_GetPCLK2Freq                              build/stm32f4xx_hal_rcc.o
HAL_RCC_GetSysClockFreq                           build/stm32f4xx_hal_rcc.o
HAL_RCC_MCOConfig                                 build/stm32f4xx_hal_rcc.o
HAL_RCC_NMI_IRQHandler                            build/stm32f4xx_hal_rcc.o
HAL_RCC_OscConfig                                 build/stm32f4xx_hal_rcc.o
                                                  build/main.o
HAL_ResumeTick                                    build/stm32f4xx_hal.o
HAL_SYSTICK_CLKSourceConfig                       build/stm32f4xx_hal_cortex.o
HAL_SYSTICK_Callback                              build/stm32f4xx_hal_cortex.o
HAL_SYSTICK_Config                                build/stm32f4xx_hal_cortex.o
                                                  build/stm32f4xx_hal.o
HAL_SYSTICK_IRQHandler                            build/stm32f4xx_hal_cortex.o
HAL_SetTickFreq                                   build/stm32f4xx_hal.o
HAL_SuspendTick                                   build/stm32f4xx_hal.o
HardFault_Handler                                 build/stm32f4xx_it.o
I2C1_ER_IRQHandler                                build/startup_stm32f401xc.o
I2C1_EV_IRQHandler                                build/startup_stm32f401xc.o
I2C2_ER_IRQHandler                                build/startup_stm32f401xc.o
I2C2_EV_IRQHandler                                build/startup_stm32f401xc.o
I2C3_ER_IRQHandler                                build/startup_stm32f401xc.o
I2C3_EV_IRQHandler                                build/startup_stm32f401xc.o
MemManage_Handler                                 build/stm32f4xx_it.o
NMI_Handler                                       build/stm32f4xx_it.o
OTG_FS_IRQHandler                                 build/startup_stm32f401xc.o
OTG_FS_WKUP_IRQHandler                            build/startup_stm32f401xc.o
PVD_IRQHandler                                    build/startup_stm32f401xc.o
PendSV_Handler                                    build/stm32f4xx_it.o
RCC_IRQHandler                                    build/startup_stm32f401xc.o
RTC_Alarm_IRQHandler                              build/startup_stm32f401xc.o
RTC_WKUP_IRQHandler                               build/startup_stm32f401xc.o
Reset_Handler                                     build/startup_stm32f401xc.o
SDIO_IRQHandler                                   build/startup_stm32f401xc.o
SPI1_IRQHandler                                   build/startup_stm32f401xc.o
SPI2_IRQHandler                                   build/startup_stm32f401xc.o
SPI3_IRQHandler                                   build/startup_stm32f401xc.o
SPI4_IRQHandler                                   build/startup_stm32f401xc.o
SVC_Handler                                       build/stm32f4xx_it.o
SysTick_Handler                                   build/stm32f4xx_it.o
SystemClock_Config                                build/main.o
SystemCoreClock                                   build/system_stm32f4xx.o
                                                  build/stm32f4xx_hal.o
                                                  build/stm32f4xx_hal_dma.o
                                                  build/stm32f4xx_hal_rcc_ex.o
                                                  build/stm32f4xx_hal_rcc.o
SystemCoreClockUpdate                             build/system_stm32f4xx.o
SystemInit                                        build/system_stm32f4xx.o
                                                  build/startup_stm32f401xc.o
TAMP_STAMP_IRQHandler                             build/startup_stm32f401xc.o
TIM1_BRK_TIM9_IRQHandler                          build/startup_stm32f401xc.o
TIM1_CC_IRQHandler                                build/startup_stm32f401xc.o
TIM1_TRG_COM_TIM11_IRQHandler                     build/startup_stm32f401xc.o
TIM1_UP_TIM10_IRQHandler                          build/startup_stm32f401xc.o
TIM2_IRQHandler                                   build/startup_stm32f401xc.o
TIM3_IRQHandler                                   build/startup_stm32f401xc.o
TIM4_IRQHandler                                   build/startup_stm32f401xc.o
TIM5_IRQHandler                                   build/startup_stm32f401xc.o
USART1_IRQHandler                                 build/startup_stm32f401xc.o
USART2_IRQHandler                                 build/startup_stm32f401xc.o
USART6_IRQHandler                                 build/startup_stm32f401xc.o
UsageFault_Handler                                build/stm32f4xx_it.o
WWDG_IRQHandler                                   build/startup_stm32f401xc.o
_Min_Stack_Size                                   build/sysmem.o
__aeabi_idiv0                                     C:/xpack/xpack-arm-none-eabi-gcc-15.2.1-1.1-win32-x64/xpack-arm-none-eabi-gcc-15.2.1-1.1/bin/../lib/gcc/arm-none-eabi/15.2.1/thumb/v7e-m+fp/hard\libgcc.a(_dvmd_tls.o)
__aeabi_ldiv0                                     C:/xpack/xpack-arm-none-eabi-gcc-15.2.1-1.1-win32-x64/xpack-arm-none-eabi-gcc-15.2.1-1.1/bin/../lib/gcc/arm-none-eabi/15.2.1/thumb/v7e-m+fp/hard\libgcc.a(_dvmd_tls.o)
                                                  C:/xpack/xpack-arm-none-eabi-gcc-15.2.1-1.1-win32-x64/xpack-arm-none-eabi-gcc-15.2.1-1.1/bin/../lib/gcc/arm-none-eabi/15.2.1/thumb/v7e-m+fp/hard\libgcc.a(_aeabi_uldivmod.o)
__aeabi_uldivmod                                  C:/xpack/xpack-arm-none-eabi-gcc-15.2.1-1.1-win32-x64/xpack-arm-none-eabi-gcc-15.2.1-1.1/bin/../lib/gcc/arm-none-eabi/15.2.1/thumb/v7e-m+fp/hard\libgcc.a(_aeabi_uldivmod.o)
                                                  build/stm32f4xx_hal_rcc.o
__atexit                                          C:/xpack/xpack-arm-none-eabi-gcc-15.2.1-1.1-win32-x64/xpack-arm-none-eabi-gcc-15.2.1-1.1/bin/../lib/gcc/arm-none-eabi/15.2.1/../../../../arm-none-eabi/lib/thumb/v7e-m+fp/hard\libc_nano.a(libc_a-__call_atexit.o)
                                                  C:/xpack/xpack-arm-none-eabi-gcc-15.2.1-1.1-win32-x64/xpack-arm-none-eabi-gcc-15.2.1-1.1/bin/../lib/gcc/arm-none-eabi/15.2.1/../../../../arm-none-eabi/lib/thumb/v7e-m+fp/hard\libc_nano.a(libc_a-__atexit.o)
__atexit0                                         C:/xpack/xpack-arm-none-eabi-gcc-15.2.1-1.1-win32-x64/xpack-arm-none-eabi-gcc-15.2.1-1.1/bin/../lib/gcc/arm-none-eabi/15.2.1/../../../../arm-none-eabi/lib/thumb/v7e-m+fp/hard\libc_nano.a(libc_a-__atexit.o)
__atexit_dummy                                    C:/xpack/xpack-arm-none-eabi-gcc-15.2.1-1.1-win32-x64/xpack-arm-none-eabi-gcc-15.2.1-1.1/bin/../lib/gcc/arm-none-eabi/15.2.1/../../../../arm-none-eabi/lib/thumb/v7e-m+fp/hard\libc_nano.a(libc_a-__atexit.o)
__atexit_recursive_mutex                          C:/xpack/xpack-arm-none-eabi-gcc-15.2.1-1.1-win32-x64/xpack-arm-none-eabi-gcc-15.2.1-1.1/bin/../lib/gcc/arm-none-eabi/15.2.1/../../../../arm-none-eabi/lib/thumb/v7e-m+fp/hard\libc_nano.a(libc_a-__call_atexit.o)
                                                  C:/xpack/xpack-arm-none-eabi-gcc-15.2.1-1.1-win32-x64/xpack-arm-none-eabi-gcc-15.2.1-1.1/bin/../lib/gcc/arm-none-eabi/15.2.1/../../../../arm-none-eabi/lib/thumb/v7e-m+fp/hard\libc_nano.a(libc_a-__atexit.o)
__bss_end__                                       C:/xpack/xpack-arm-none-eabi-gcc-15.2.1-1.1-win32-x64/xpack-arm-none-eabi-gcc-15.2.1-1.1/bin/../lib/gcc/arm-none-eabi/15.2.1/../../../../arm-none-eabi/lib/thumb/v7e-m+fp/hard/crt0.o
__bss_start__                                     C:/xpack/xpack-arm-none-eabi-gcc-15.2.1-1.1-win32-x64/xpack-arm-none-eabi-gcc-15.2.1-1.1/bin/../lib/gcc/arm-none-eabi/15.2.1/../../../../arm-none-eabi/lib/thumb/v7e-m+fp/hard/crt0.o
__call_exitprocs                                  C:/xpack/xpack-arm-none-eabi-gcc-15.2.1-1.1-win32-x64/xpack-arm-none-eabi-gcc-15.2.1-1.1/bin/../lib/gcc/arm-none-eabi/15.2.1/../../../../arm-none-eabi/lib/thumb/v7e-m+fp/hard\libc_nano.a(libc_a-__call_atexit.o)
                                                  C:/xpack/xpack-arm-none-eabi-gcc-15.2.1-1.1-win32-x64/xpack-arm-none-eabi-gcc-15.2.1-1.1/bin/../lib/gcc/arm-none-eabi/15.2.1/../../../../arm-none-eabi/lib/thumb/v7e-m+fp/hard\libc_nano.a(libc_a-__atexit.o)
                                                  C:/xpack/xpack-arm-none-eabi-gcc-15.2.1-1.1-win32-x64/xpack-arm-none-eabi-gcc-15.2.1-1.1/bin/../lib/gcc/arm-none-eabi/15.2.1/../../../../arm-none-eabi/lib/thumb/v7e-m+fp/hard\libc_nano.a(libc_a-exit.o)
__deregister_frame_info                           C:/xpack/xpack-arm-none-eabi-gcc-15.2.1-1.1-win32-x64/xpack-arm-none-eabi-gcc-15.2.1-1.1/bin/../lib/gcc/arm-none-eabi/15.2.1/thumb/v7e-m+fp/hard/crtbegin.o
__dso_handle                                      C:/xpack/xpack-arm-none-eabi-gcc-15.2.1-1.1-win32-x64/xpack-arm-none-eabi-gcc-15.2.1-1.1/bin/../lib/gcc/arm-none-eabi/15.2.1/thumb/v7e-m+fp/hard/crtbegin.o
__env                                             build/syscalls.o
__errno                                           C:/xpack/xpack-arm-none-eabi-gcc-15.2.1-1.1-win32-x64/xpack-arm-none-eabi-gcc-15.2.1-1.1/bin/../lib/gcc/arm-none-eabi/15.2.1/../../../../arm-none-eabi/lib/thumb/v7e-m+fp/hard\libc_nano.a(libc_a-errno.o)
                                                  build/syscalls.o
                                                  build/sysmem.o
__fini_array_end                                  C:/xpack/xpack-arm-none-eabi-gcc-15.2.1-1.1-win32-x64/xpack-arm-none-eabi-gcc-15.2.1-1.1/bin/../lib/gcc/arm-none-eabi/15.2.1/../../../../arm-none-eabi/lib/thumb/v7e-m+fp/hard\libc_nano.a(libc_a-fini.o)
__fini_array_start                                C:/xpack/xpack-arm-none-eabi-gcc-15.2.1-1.1-win32-x64/xpack-arm-none-eabi-gcc-15.2.1-1.1/bin/../lib/gcc/arm-none-eabi/15.2.1/../../../../arm-none-eabi/lib/thumb/v7e-m+fp/hard\libc_nano.a(libc_a-fini.o)
__fp_lock_all                                     C:/xpack/xpack-arm-none-eabi-gcc-15.2.1-1.1-win32-x64/xpack-arm-none-eabi-gcc-15.2.1-1.1/bin/../lib/gcc/arm-none-eabi/15.2.1/../../../../arm-none-eabi/lib/thumb/v7e-m+fp/hard\libc_nano.a(libc_a-findfp.o)
__fp_unlock_all                                   C:/xpack/xpack-arm-none-eabi-gcc-15.2.1-1.1-win32-x64/xpack-arm-none-eabi-gcc-15.2.1-1.1/bin/../lib/gcc/arm-none-eabi/15.2.1/../../../../arm-none-eabi/lib/thumb/v7e-m+fp/hard\libc_nano.a(libc_a-findfp.o)
__init_array_end                                  C:/xpack/xpack-arm-none-eabi-gcc-15.2.1-1.1-win32-x64/xpack-arm-none-eabi-gcc-15.2.1-1.1/bin/../lib/gcc/arm-none-eabi/15.2.1/../../../../arm-none-eabi/lib/thumb/v7e-m+fp/hard\libc_nano.a(libc_a-init.o)
__init_array_start                                C:/xpack/xpack-arm-none-eabi-gcc-15.2.1-1.1-win32-x64/xpack-arm-none-eabi-gcc-15.2.1-1.1/bin/../lib/gcc/arm-none-eabi/15.2.1/../../../../arm-none-eabi/lib/thumb/v7e-m+fp/hard\libc_nano.a(libc_a-init.o)
__io_getchar                                      build/syscalls.o
__io_putchar                                      build/syscalls.o
__libc_fini_array                                 C:/xpack/xpack-arm-none-eabi-gcc-15.2.1-1.1-win32-x64/xpack-arm-none-eabi-gcc-15.2.1-1.1/bin/../lib/gcc/arm-none-eabi/15.2.1/../../../../arm-none-eabi/lib/thumb/v7e-m+fp/hard\libc_nano.a(libc_a-fini.o)
                                                  C:/xpack/xpack-arm-none-eabi-gcc-15.2.1-1.1-win32-x64/xpack-arm-none-eabi-gcc-15.2.1-1.1/bin/../lib/gcc/arm-none-eabi/15.2.1/../../../../arm-none-eabi/lib/thumb/v7e-m+fp/hard/crt0.o
__libc_init_array                                 C:/xpack/xpack-arm-none-eabi-gcc-15.2.1-1.1-win32-x64/xpack-arm-none-eabi-gcc-15.2.1-1.1/bin/../lib/gcc/arm-none-eabi/15.2.1/../../../../arm-none-eabi/lib/thumb/v7e-m+fp/hard\libc_nano.a(libc_a-init.o)
                                                  build/startup_stm32f401xc.o
                                                  C:/xpack/xpack-arm-none-eabi-gcc-15.2.1-1.1-win32-x64/xpack-arm-none-eabi-gcc-15.2.1-1.1/bin/../lib/gcc/arm-none-eabi/15.2.1/../../../../arm-none-eabi/lib/thumb/v7e-m+fp/hard/crt0.o
__lock___arc4random_mutex                         C:/xpack/xpack-arm-none-eabi-gcc-15.2.1-1.1-win32-x64/xpack-arm-none-eabi-gcc-15.2.1-1.1/bin/../lib/gcc/arm-none-eabi/15.2.1/../../../../arm-none-eabi/lib/thumb/v7e-m+fp/hard\libc_nano.a(libc_a-lock.o)
__lock___at_quick_exit_mutex                      C:/xpack/xpack-arm-none-eabi-gcc-15.2.1-1.1-win32-x64/xpack-arm-none-eabi-gcc-15.2.1-1.1/bin/../lib/gcc/arm-none-eabi/15.2.1/../../../../arm-none-eabi/lib/thumb/v7e-m+fp/hard\libc_nano.a(libc_a-lock.o)
__lock___atexit_recursive_mutex                   C:/xpack/xpack-arm-none-eabi-gcc-15.2.1-1.1-win32-x64/xpack-arm-none-eabi-gcc-15.2.1-1.1/bin/../lib/gcc/arm-none-eabi/15.2.1/../../../../arm-none-eabi/lib/thumb/v7e-m+fp/hard\libc_nano.a(libc_a-lock.o)
                                                  C:/xpack/xpack-arm-none-eabi-gcc-15.2.1-1.1-win32-x64/xpack-arm-none-eabi-gcc-15.2.1-1.1/bin/../lib/gcc/arm-none-eabi/15.2.1/../../../../arm-none-eabi/lib/thumb/v7e-m+fp/hard\libc_nano.a(libc_a-__call_atexit.o)
__lock___dd_hash_mutex                            C:/xpack/xpack-arm-none-eabi-gcc-15.2.1-1.1-win32-x64/xpack-arm-none-eabi-gcc-15.2.1-1.1/bin/../lib/gcc/arm-none-eabi/15.2.1/../../../../arm-none-eabi/lib/thumb/v7e-m+fp/hard\libc_nano.a(libc_a-lock.o)
__lock___env_recursive_mutex                      C:/xpack/xpack-arm-none-eabi-gcc-15.2.1-1.1-win32-x64/xpack-arm-none-eabi-gcc-15.2.1-1.1/bin/../lib/gcc/arm-none-eabi/15.2.1/../../../../arm-none-eabi/lib/thumb/v7e-m+fp/hard\libc_nano.a(libc_a-lock.o)
__lock___malloc_recursive_mutex                   C:/xpack/xpack-arm-none-eabi-gcc-15.2.1-1.1-win32-x64/xpack-arm-none-eabi-gcc-15.2.1-1.1/bin/../lib/gcc/arm-none-eabi/15.2.1/../../../../arm-none-eabi/lib/thumb/v7e-m+fp/hard\libc_nano.a(libc_a-lock.o)
                                                  C:/xpack/xpack-arm-none-eabi-gcc-15.2.1-1.1-win32-x64/xpack-arm-none-eabi-gcc-15.2.1-1.1/bin/../lib/gcc/arm-none-eabi/15.2.1/../../../../arm-none-eabi/lib/thumb/v7e-m+fp/hard\libc_nano.a(libc_a-mlock.o)
__lock___sfp_recursive_mutex                      C:/xpack/xpack-arm-none-eabi-gcc-15.2.1-1.1-win32-x64/xpack-arm-none-eabi-gcc-15.2.1-1.1/bin/../lib/gcc/arm-none-eabi/15.2.1/../../../../arm-none-eabi/lib/thumb/v7e-m+fp/hard\libc_nano.a(libc_a-lock.o)
                                                  C:/xpack/xpack-arm-none-eabi-gcc-15.2.1-1.1-win32-x64/xpack-arm-none-eabi-gcc-15.2.1-1.1/bin/../lib/gcc/arm-none-eabi/15.2.1/../../../../arm-none-eabi/lib/thumb/v7e-m+fp/hard\libc_nano.a(libc_a-findfp.o)
__lock___tz_mutex                                 C:/xpack/xpack-arm-none-eabi-gcc-15.2.1-1.1-win32-x64/xpack-arm-none-eabi-gcc-15.2.1-1.1/bin/../lib/gcc/arm-none-eabi/15.2.1/../../../../arm-none-eabi/lib/thumb/v7e-m+fp/hard\libc_nano.a(libc_a-lock.o)
__malloc_free_list                                C:/xpack/xpack-arm-none-eabi-gcc-15.2.1-1.1-win32-x64/xpack-arm-none-eabi-gcc-15.2.1-1.1/bin/../lib/gcc/arm-none-eabi/15.2.1/../../../../arm-none-eabi/lib/thumb/v7e-m+fp/hard\libc_nano.a(libc_a-mallocr.o)
                                                  C:/xpack/xpack-arm-none-eabi-gcc-15.2.1-1.1-win32-x64/xpack-arm-none-eabi-gcc-15.2.1-1.1/bin/../lib/gcc/arm-none-eabi/15.2.1/../../../../arm-none-eabi/lib/thumb/v7e-m+fp/hard\libc_nano.a(libc_a-freer.o)
__malloc_lock                                     C:/xpack/xpack-arm-none-eabi-gcc-15.2.1-1.1-win32-x64/xpack-arm-none-eabi-gcc-15.2.1-1.1/bin/../lib/gcc/arm-none-eabi/15.2.1/../../../../arm-none-eabi/lib/thumb/v7e-m+fp/hard\libc_nano.a(libc_a-mlock.o)
                                                  C:/xpack/xpack-arm-none-eabi-gcc-15.2.1-1.1-win32-x64/xpack-arm-none-eabi-gcc-15.2.1-1.1/bin/../lib/gcc/arm-none-eabi/15.2.1/../../../../arm-none-eabi/lib/thumb/v7e-m+fp/hard\libc_nano.a(libc_a-mallocr.o)
                                                  C:/xpack/xpack-arm-none-eabi-gcc-15.2.1-1.1-win32-x64/xpack-arm-none-eabi-gcc-15.2.1-1.1/bin/../lib/gcc/arm-none-eabi/15.2.1/../../../../arm-none-eabi/lib/thumb/v7e-m+fp/hard\libc_nano.a(libc_a-freer.o)
__malloc_sbrk_start                               C:/xpack/xpack-arm-none-eabi-gcc-15.2.1-1.1-win32-x64/xpack-arm-none-eabi-gcc-15.2.1-1.1/bin/../lib/gcc/arm-none-eabi/15.2.1/../../../../arm-none-eabi/lib/thumb/v7e-m+fp/hard\libc_nano.a(libc_a-mallocr.o)
__malloc_unlock                                   C:/xpack/xpack-arm-none-eabi-gcc-15.2.1-1.1-win32-x64/xpack-arm-none-eabi-gcc-15.2.1-1.1/bin/../lib/gcc/arm-none-eabi/15.2.1/../../../../arm-none-eabi/lib/thumb/v7e-m+fp/hard\libc_nano.a(libc_a-mlock.o)
                                                  C:/xpack/xpack-arm-none-eabi-gcc-15.2.1-1.1-win32-x64/xpack-arm-none-eabi-gcc-15.2.1-1.1/bin/../lib/gcc/arm-none-eabi/15.2.1/../../../../arm-none-eabi/lib/thumb/v7e-m+fp/hard\libc_nano.a(libc_a-mallocr.o)
                                                  C:/xpack/xpack-arm-none-eabi-gcc-15.2.1-1.1-win32-x64/xpack-arm-none-eabi-gcc-15.2.1-1.1/bin/../lib/gcc/arm-none-eabi/15.2.1/../../../../arm-none-eabi/lib/thumb/v7e-m+fp/hard\libc_nano.a(libc_a-freer.o)
__on_exit_args                                    C:/xpack/xpack-arm-none-eabi-gcc-15.2.1-1.1-win32-x64/xpack-arm-none-eabi-gcc-15.2.1-1.1/bin/../lib/gcc/arm-none-eabi/15.2.1/../../../../arm-none-eabi/lib/thumb/v7e-m+fp/hard\libc_nano.a(libc_a-__atexit.o)
__preinit_array_end                               C:/xpack/xpack-arm-none-eabi-gcc-15.2.1-1.1-win32-x64/xpack-arm-none-eabi-gcc-15.2.1-1.1/bin/../lib/gcc/arm-none-eabi/15.2.1/../../../../arm-none-eabi/lib/thumb/v7e-m+fp/hard\libc_nano.a(libc_a-init.o)
__preinit_array_start                             C:/xpack/xpack-arm-none-eabi-gcc-15.2.1-1.1-win32-x64/xpack-arm-none-eabi-gcc-15.2.1-1.1/bin/../lib/gcc/arm-none-eabi/15.2.1/../../../../arm-none-eabi/lib/thumb/v7e-m+fp/hard\libc_nano.a(libc_a-init.o)
__register_exitproc                               C:/xpack/xpack-arm-none-eabi-gcc-15.2.1-1.1-win32-x64/xpack-arm-none-eabi-gcc-15.2.1-1.1/bin/../lib/gcc/arm-none-eabi/15.2.1/../../../../arm-none-eabi/lib/thumb/v7e-m+fp/hard\libc_nano.a(libc_a-__atexit.o)
                                                  C:/xpack/xpack-arm-none-eabi-gcc-15.2.1-1.1-win32-x64/xpack-arm-none-eabi-gcc-15.2.1-1.1/bin/../lib/gcc/arm-none-eabi/15.2.1/../../../../arm-none-eabi/lib/thumb/v7e-m+fp/hard\libc_nano.a(libc_a-atexit.o)
__register_frame_info                             C:/xpack/xpack-arm-none-eabi-gcc-15.2.1-1.1-win32-x64/xpack-arm-none-eabi-gcc-15.2.1-1.1/bin/../lib/gcc/arm-none-eabi/15.2.1/thumb/v7e-m+fp/hard/crtbegin.o
__retarget_lock_acquire                           C:/xpack/xpack-arm-none-eabi-gcc-15.2.1-1.1-win32-x64/xpack-arm-none-eabi-gcc-15.2.1-1.1/bin/../lib/gcc/arm-none-eabi/15.2.1/../../../../arm-none-eabi/lib/thumb/v7e-m+fp/hard\libc_nano.a(libc_a-lock.o)
__retarget_lock_acquire_recursive                 C:/xpack/xpack-arm-none-eabi-gcc-15.2.1-1.1-win32-x64/xpack-arm-none-eabi-gcc-15.2.1-1.1/bin/../lib/gcc/arm-none-eabi/15.2.1/../../../../arm-none-eabi/lib/thumb/v7e-m+fp/hard\libc_nano.a(libc_a-lock.o)
                                                  C:/xpack/xpack-arm-none-eabi-gcc-15.2.1-1.1-win32-x64/xpack-arm-none-eabi-gcc-15.2.1-1.1/bin/../lib/gcc/arm-none-eabi/15.2.1/../../../../arm-none-eabi/lib/thumb/v7e-m+fp/hard\libc_nano.a(libc_a-fflush.o)
                                                  C:/xpack/xpack-arm-none-eabi-gcc-15.2.1-1.1-win32-x64/xpack-arm-none-eabi-gcc-15.2.1-1.1/bin/../lib/gcc/arm-none-eabi/15.2.1/../../../../arm-none-eabi/lib/thumb/v7e-m+fp/hard\libc_nano.a(libc_a-mlock.o)
                                                  C:/xpack/xpack-arm-none-eabi-gcc-15.2.1-1.1-win32-x64/xpack-arm-none-eabi-gcc-15.2.1-1.1/bin/../lib/gcc/arm-none-eabi/15.2.1/../../../../arm-none-eabi/lib/thumb/v7e-m+fp/hard\libc_nano.a(libc_a-__call_atexit.o)
                                                  C:/xpack/xpack-arm-none-eabi-gcc-15.2.1-1.1-win32-x64/xpack-arm-none-eabi-gcc-15.2.1-1.1/bin/../lib/gcc/arm-none-eabi/15.2.1/../../../../arm-none-eabi/lib/thumb/v7e-m+fp/hard\libc_nano.a(libc_a-__atexit.o)
                                                  C:/xpack/xpack-arm-none-eabi-gcc-15.2.1-1.1-win32-x64/xpack-arm-none-eabi-gcc-15.2.1-1.1/bin/../lib/gcc/arm-none-eabi/15.2.1/../../../../arm-none-eabi/lib/thumb/v7e-m+fp/hard\libc_nano.a(libc_a-findfp.o)
__retarget_lock_close                             C:/xpack/xpack-arm-none-eabi-gcc-15.2.1-1.1-win32-x64/xpack-arm-none-eabi-gcc-15.2.1-1.1/bin/../lib/gcc/arm-none-eabi/15.2.1/../../../../arm-none-eabi/lib/thumb/v7e-m+fp/hard\libc_nano.a(libc_a-lock.o)
__retarget_lock_close_recursive                   C:/xpack/xpack-arm-none-eabi-gcc-15.2.1-1.1-win32-x64/xpack-arm-none-eabi-gcc-15.2.1-1.1/bin/../lib/gcc/arm-none-eabi/15.2.1/../../../../arm-none-eabi/lib/thumb/v7e-m+fp/hard\libc_nano.a(libc_a-lock.o)
__retarget_lock_init                              C:/xpack/xpack-arm-none-eabi-gcc-15.2.1-1.1-win32-x64/xpack-arm-none-eabi-gcc-15.2.1-1.1/bin/../lib/gcc/arm-none-eabi/15.2.1/../../../../arm-none-eabi/lib/thumb/v7e-m+fp/hard\libc_nano.a(libc_a-lock.o)
__retarget_lock_init_recursive                    C:/xpack/xpack-arm-none-eabi-gcc-15.2.1-1.1-win32-x64/xpack-arm-none-eabi-gcc-15.2.1-1.1/bin/../lib/gcc/arm-none-eabi/15.2.1/../../../../arm-none-eabi/lib/thumb/v7e-m+fp/hard\libc_nano.a(libc_a-lock.o)
                                                  C:/xpack/xpack-arm-none-eabi-gcc-15.2.1-1.1-win32-x64/xpack-arm-none-eabi-gcc-15.2.1-1.1/bin/../lib/gcc/arm-none-eabi/15.2.1/../../../../arm-none-eabi/lib/thumb/v7e-m+fp/hard\libc_nano.a(libc_a-findfp.o)
__retarget_lock_release                           C:/xpack/xpack-arm-none-eabi-gcc-15.2.1-1.1-win32-x64/xpack-arm-none-eabi-gcc-15.2.1-1.1/bin/../lib/gcc/arm-none-eabi/15.2.1/../../../../arm-none-eabi/lib/thumb/v7e-m+fp/hard\libc_nano.a(libc_a-lock.o)
__retarget_lock_release_recursive                 C:/xpack/xpack-arm-none-eabi-gcc-15.2.1-1.1-win32-x64/xpack-arm-none-eabi-gcc-15.2.1-1.1/bin/../lib/gcc/arm-none-eabi/15.2.1/../../../../arm-none-eabi/lib/thumb/v7e-m+fp/hard\libc_nano.a(libc_a-lock.o)
                                                  C:/xpack/xpack-arm-none-eabi-gcc-15.2.1-1.1-win32-x64/xpack-arm-none-eabi-gcc-15.2.1-1.1/bin/../lib/gcc/arm-none-eabi/15.2.1/../../../../arm-none-eabi/lib/thumb/v7e-m+fp/hard\libc_nano.a(libc_a-fflush.o)
                                                  C:/xpack/xpack-arm-none-eabi-gcc-15.2.1-1.1-win32-x64/xpack-arm-none-eabi-gcc-15.2.1-1.1/bin/../lib/gcc/arm-none-eabi/15.2.1/../../../../arm-none-eabi/lib/thumb/v7e-m+fp/hard\libc_nano.a(libc_a-mlock.o)
                                                  C:/xpack/xpack-arm-none-eabi-gcc-15.2.1-1.1-win32-x64/xpack-arm-none-eabi-gcc-15.2.1-1.1/bin/../lib/gcc/arm-none-eabi/15.2.1/../../../../arm-none-eabi/lib/thumb/v7e-m+fp/hard\libc_nano.a(libc_a-__call_atexit.o)
                                                  C:/xpack/xpack-arm-none-eabi-gcc-15.2.1-1.1-win32-x64/xpack-arm-none-eabi-gcc-15.2.1-1.1/bin/../lib/gcc/arm-none-eabi/15.2.1/../../../../arm-none-eabi/lib/thumb/v7e-m+fp/hard\libc_nano.a(libc_a-__atexit.o)
                                                  C:/xpack/xpack-arm-none-eabi-gcc-15.2.1-1.1-win32-x64/xpack-arm-none-eabi-gcc-15.2.1-1.1/bin/../lib/gcc/arm-none-eabi/15.2.1/../../../../arm-none-eabi/lib/thumb/v7e-m+fp/hard\libc_nano.a(libc_a-findfp.o)
__retarget_lock_try_acquire                       C:/xpack/xpack-arm-none-eabi-gcc-15.2.1-1.1-win32-x64/xpack-arm-none-eabi-gcc-15.2.1-1.1/bin/../lib/gcc/arm-none-eabi/15.2.1/../../../../arm-none-eabi/lib/thumb/v7e-m+fp/hard\libc_nano.a(libc_a-lock.o)
__retarget_lock_try_acquire_recursive             C:/xpack/xpack-arm-none-eabi-gcc-15.2.1-1.1-win32-x64/xpack-arm-none-eabi-gcc-15.2.1-1.1/bin/../lib/gcc/arm-none-eabi/15.2.1/../../../../arm-none-eabi/lib/thumb/v7e-m+fp/hard\libc_nano.a(libc_a-lock.o)
__sclose                                          C:/xpack/xpack-arm-none-eabi-gcc-15.2.1-1.1-win32-x64/xpack-arm-none-eabi-gcc-15.2.1-1.1/bin/../lib/gcc/arm-none-eabi/15.2.1/../../../../arm-none-eabi/lib/thumb/v7e-m+fp/hard\libc_nano.a(libc_a-stdio.o)
                                                  C:/xpack/xpack-arm-none-eabi-gcc-15.2.1-1.1-win32-x64/xpack-arm-none-eabi-gcc-15.2.1-1.1/bin/../lib/gcc/arm-none-eabi/15.2.1/../../../../arm-none-eabi/lib/thumb/v7e-m+fp/hard\libc_nano.a(libc_a-findfp.o)
__seofread                                        C:/xpack/xpack-arm-none-eabi-gcc-15.2.1-1.1-win32-x64/xpack-arm-none-eabi-gcc-15.2.1-1.1/bin/../lib/gcc/arm-none-eabi/15.2.1/../../../../arm-none-eabi/lib/thumb/v7e-m+fp/hard\libc_nano.a(libc_a-stdio.o)
__sf                                              C:/xpack/xpack-arm-none-eabi-gcc-15.2.1-1.1-win32-x64/xpack-arm-none-eabi-gcc-15.2.1-1.1/bin/../lib/gcc/arm-none-eabi/15.2.1/../../../../arm-none-eabi/lib/thumb/v7e-m+fp/hard\libc_nano.a(libc_a-findfp.o)
                                                  C:/xpack/xpack-arm-none-eabi-gcc-15.2.1-1.1-win32-x64/xpack-arm-none-eabi-gcc-15.2.1-1.1/bin/../lib/gcc/arm-none-eabi/15.2.1/../../../../arm-none-eabi/lib/thumb/v7e-m+fp/hard\libc_nano.a(libc_a-impure.o)
__sflush_r                                        C:/xpack/xpack-arm-none-eabi-gcc-15.2.1-1.1-win32-x64/xpack-arm-none-eabi-gcc-15.2.1-1.1/bin/../lib/gcc/arm-none-eabi/15.2.1/../../../../arm-none-eabi/lib/thumb/v7e-m+fp/hard\libc_nano.a(libc_a-fflush.o)
__sfp                                             C:/xpack/xpack-arm-none-eabi-gcc-15.2.1-1.1-win32-x64/xpack-arm-none-eabi-gcc-15.2.1-1.1/bin/../lib/gcc/arm-none-eabi/15.2.1/../../../../arm-none-eabi/lib/thumb/v7e-m+fp/hard\libc_nano.a(libc_a-findfp.o)
__sfp_lock_acquire                                C:/xpack/xpack-arm-none-eabi-gcc-15.2.1-1.1-win32-x64/xpack-arm-none-eabi-gcc-15.2.1-1.1/bin/../lib/gcc/arm-none-eabi/15.2.1/../../../../arm-none-eabi/lib/thumb/v7e-m+fp/hard\libc_nano.a(libc_a-findfp.o)
__sfp_lock_release                                C:/xpack/xpack-arm-none-eabi-gcc-15.2.1-1.1-win32-x64/xpack-arm-none-eabi-gcc-15.2.1-1.1/bin/../lib/gcc/arm-none-eabi/15.2.1/../../../../arm-none-eabi/lib/thumb/v7e-m+fp/hard\libc_nano.a(libc_a-findfp.o)
__sglue                                           C:/xpack/xpack-arm-none-eabi-gcc-15.2.1-1.1-win32-x64/xpack-arm-none-eabi-gcc-15.2.1-1.1/bin/../lib/gcc/arm-none-eabi/15.2.1/../../../../arm-none-eabi/lib/thumb/v7e-m+fp/hard\libc_nano.a(libc_a-findfp.o)
                                                  C:/xpack/xpack-arm-none-eabi-gcc-15.2.1-1.1-win32-x64/xpack-arm-none-eabi-gcc-15.2.1-1.1/bin/../lib/gcc/arm-none-eabi/15.2.1/../../../../arm-none-eabi/lib/thumb/v7e-m+fp/hard\libc_nano.a(libc_a-fflush.o)
__sinit                                           C:/xpack/xpack-arm-none-eabi-gcc-15.2.1-1.1-win32-x64/xpack-arm-none-eabi-gcc-15.2.1-1.1/bin/../lib/gcc/arm-none-eabi/15.2.1/../../../../arm-none-eabi/lib/thumb/v7e-m+fp/hard\libc_nano.a(libc_a-findfp.o)
                                                  C:/xpack/xpack-arm-none-eabi-gcc-15.2.1-1.1-win32-x64/xpack-arm-none-eabi-gcc-15.2.1-1.1/bin/../lib/gcc/arm-none-eabi/15.2.1/../../../../arm-none-eabi/lib/thumb/v7e-m+fp/hard\libc_nano.a(libc_a-fflush.o)
__sread                                           C:/xpack/xpack-arm-none-eabi-gcc-15.2.1-1.1-win32-x64/xpack-arm-none-eabi-gcc-15.2.1-1.1/bin/../lib/gcc/arm-none-eabi/15.2.1/../../../../arm-none-eabi/lib/thumb/v7e-m+fp/hard\libc_nano.a(libc_a-stdio.o)
                                                  C:/xpack/xpack-arm-none-eabi-gcc-15.2.1-1.1-win32-x64/xpack-arm-none-eabi-gcc-15.2.1-1.1/bin/../lib/gcc/arm-none-eabi/15.2.1/../../../../arm-none-eabi/lib/thumb/v7e-m+fp/hard\libc_nano.a(libc_a-findfp.o)
__sseek                                           C:/xpack/xpack-arm-none-eabi-gcc-15.2.1-1.1-win32-x64/xpack-arm-none-eabi-gcc-15.2.1-1.1/bin/../lib/gcc/arm-none-eabi/15.2.1/../../../../arm-none-eabi/lib/thumb/v7e-m+fp/hard\libc_nano.a(libc_a-stdio.o)
                                                  C:/xpack/xpack-arm-none-eabi-gcc-15.2.1-1.1-win32-x64/xpack-arm-none-eabi-gcc-15.2.1-1.1/bin/../lib/gcc/arm-none-eabi/15.2.1/../../../../arm-none-eabi/lib/thumb/v7e-m+fp/hard\libc_nano.a(libc_a-findfp.o)
__stack                                           C:/xpack/xpack-arm-none-eabi-gcc-15.2.1-1.1-win32-x64/xpack-arm-none-eabi-gcc-15.2.1-1.1/bin/../lib/gcc/arm-none-eabi/15.2.1/../../../../arm-none-eabi/lib/thumb/v7e-m+fp/hard/crt0.o
__stdio_exit_handler                              C:/xpack/xpack-arm-none-eabi-gcc-15.2.1-1.1-win32-x64/xpack-arm-none-eabi-gcc-15.2.1-1.1/bin/../lib/gcc/arm-none-eabi/15.2.1/../../../../arm-none-eabi/lib/thumb/v7e-m+fp/hard\libc_nano.a(libc_a-findfp.o)
                                                  C:/xpack/xpack-arm-none-eabi-gcc-15.2.1-1.1-win32-x64/xpack-arm-none-eabi-gcc-15.2.1-1.1/bin/../lib/gcc/arm-none-eabi/15.2.1/../../../../arm-none-eabi/lib/thumb/v7e-m+fp/hard\libc_nano.a(libc_a-exit.o)
__swrite                                          C:/xpack/xpack-arm-none-eabi-gcc-15.2.1-1.1-win32-x64/xpack-arm-none-eabi-gcc-15.2.1-1.1/bin/../lib/gcc/arm-none-eabi/15.2.1/../../../../arm-none-eabi/lib/thumb/v7e-m+fp/hard\libc_nano.a(libc_a-stdio.o)
                                                  C:/xpack/xpack-arm-none-eabi-gcc-15.2.1-1.1-win32-x64/xpack-arm-none-eabi-gcc-15.2.1-1.1/bin/../lib/gcc/arm-none-eabi/15.2.1/../../../../arm-none-eabi/lib/thumb/v7e-m+fp/hard\libc_nano.a(libc_a-findfp.o)
__udivmoddi4                                      C:/xpack/xpack-arm-none-eabi-gcc-15.2.1-1.1-win32-x64/xpack-arm-none-eabi-gcc-15.2.1-1.1/bin/../lib/gcc/arm-none-eabi/15.2.1/thumb/v7e-m+fp/hard\libgcc.a(_udivmoddi4.o)
                                                  C:/xpack/xpack-arm-none-eabi-gcc-15.2.1-1.1-win32-x64/xpack-arm-none-eabi-gcc-15.2.1-1.1/bin/../lib/gcc/arm-none-eabi/15.2.1/thumb/v7e-m+fp/hard\libgcc.a(_aeabi_uldivmod.o)
_close                                            build/syscalls.o
                                                  C:/xpack/xpack-arm-none-eabi-gcc-15.2.1-1.1-win32-x64/xpack-arm-none-eabi-gcc-15.2.1-1.1/bin/../lib/gcc/arm-none-eabi/15.2.1/../../../../arm-none-eabi/lib/thumb/v7e-m+fp/hard\libc_nano.a(libc_a-closer.o)
_close_r                                          C:/xpack/xpack-arm-none-eabi-gcc-15.2.1-1.1-win32-x64/xpack-arm-none-eabi-gcc-15.2.1-1.1/bin/../lib/gcc/arm-none-eabi/15.2.1/../../../../arm-none-eabi/lib/thumb/v7e-m+fp/hard\libc_nano.a(libc_a-closer.o)
                                                  C:/xpack/xpack-arm-none-eabi-gcc-15.2.1-1.1-win32-x64/xpack-arm-none-eabi-gcc-15.2.1-1.1/bin/../lib/gcc/arm-none-eabi/15.2.1/../../../../arm-none-eabi/lib/thumb/v7e-m+fp/hard\libc_nano.a(libc_a-stdio.o)
_ebss                                             build/startup_stm32f401xc.o
_edata                                            build/startup_stm32f401xc.o
_end                                              build/sysmem.o
_estack                                           build/startup_stm32f401xc.o
                                                  build/sysmem.o
_execve                                           build/syscalls.o
_exit                                             build/syscalls.o
                                                  C:/xpack/xpack-arm-none-eabi-gcc-15.2.1-1.1-win32-x64/xpack-arm-none-eabi-gcc-15.2.1-1.1/bin/../lib/gcc/arm-none-eabi/15.2.1/../../../../arm-none-eabi/lib/thumb/v7e-m+fp/hard\libc_nano.a(libc_a-exit.o)
_fflush_r                                         C:/xpack/xpack-arm-none-eabi-gcc-15.2.1-1.1-win32-x64/xpack-arm-none-eabi-gcc-15.2.1-1.1/bin/../lib/gcc/arm-none-eabi/15.2.1/../../../../arm-none-eabi/lib/thumb/v7e-m+fp/hard\libc_nano.a(libc_a-fflush.o)
                                                  C:/xpack/xpack-arm-none-eabi-gcc-15.2.1-1.1-win32-x64/xpack-arm-none-eabi-gcc-15.2.1-1.1/bin/../lib/gcc/arm-none-eabi/15.2.1/../../../../arm-none-eabi/lib/thumb/v7e-m+fp/hard\libc_nano.a(libc_a-findfp.o)
_fini                                             C:/xpack/xpack-arm-none-eabi-gcc-15.2.1-1.1-win32-x64/xpack-arm-none-eabi-gcc-15.2.1-1.1/bin/../lib/gcc/arm-none-eabi/15.2.1/thumb/v7e-m+fp/hard/crti.o
                                                  C:/xpack/xpack-arm-none-eabi-gcc-15.2.1-1.1-win32-x64/xpack-arm-none-eabi-gcc-15.2.1-1.1/bin/../lib/gcc/arm-none-eabi/15.2.1/../../../../arm-none-eabi/lib/thumb/v7e-m+fp/hard\libc_nano.a(libc_a-fini.o)
_fork                                             build/syscalls.o
_free_r                                           C:/xpack/xpack-arm-none-eabi-gcc-15.2.1-1.1-win32-x64/xpack-arm-none-eabi-gcc-15.2.1-1.1/bin/../lib/gcc/arm-none-eabi/15.2.1/../../../../arm-none-eabi/lib/thumb/v7e-m+fp/hard\libc_nano.a(libc_a-freer.o)
                                                  C:/xpack/xpack-arm-none-eabi-gcc-15.2.1-1.1-win32-x64/xpack-arm-none-eabi-gcc-15.2.1-1.1/bin/../lib/gcc/arm-none-eabi/15.2.1/../../../../arm-none-eabi/lib/thumb/v7e-m+fp/hard\libc_nano.a(libc_a-fflush.o)
                                                  C:/xpack/xpack-arm-none-eabi-gcc-15.2.1-1.1-win32-x64/xpack-arm-none-eabi-gcc-15.2.1-1.1/bin/../lib/gcc/arm-none-eabi/15.2.1/../../../../arm-none-eabi/lib/thumb/v7e-m+fp/hard\libc_nano.a(libc_a-reent.o)
_fstat                                            build/syscalls.o
_fwalk_sglue                                      C:/xpack/xpack-arm-none-eabi-gcc-15.2.1-1.1-win32-x64/xpack-arm-none-eabi-gcc-15.2.1-1.1/bin/../lib/gcc/arm-none-eabi/15.2.1/../../../../arm-none-eabi/lib/thumb/v7e-m+fp/hard\libc_nano.a(libc_a-fwalk.o)
                                                  C:/xpack/xpack-arm-none-eabi-gcc-15.2.1-1.1-win32-x64/xpack-arm-none-eabi-gcc-15.2.1-1.1/bin/../lib/gcc/arm-none-eabi/15.2.1/../../../../arm-none-eabi/lib/thumb/v7e-m+fp/hard\libc_nano.a(libc_a-fflush.o)
                                                  C:/xpack/xpack-arm-none-eabi-gcc-15.2.1-1.1-win32-x64/xpack-arm-none-eabi-gcc-15.2.1-1.1/bin/../lib/gcc/arm-none-eabi/15.2.1/../../../../arm-none-eabi/lib/thumb/v7e-m+fp/hard\libc_nano.a(libc_a-findfp.o)
_getpid                                           build/syscalls.o
_impure_data                                      C:/xpack/xpack-arm-none-eabi-gcc-15.2.1-1.1-win32-x64/xpack-arm-none-eabi-gcc-15.2.1-1.1/bin/../lib/gcc/arm-none-eabi/15.2.1/../../../../arm-none-eabi/lib/thumb/v7e-m+fp/hard\libc_nano.a(libc_a-impure.o)
                                                  C:/xpack/xpack-arm-none-eabi-gcc-15.2.1-1.1-win32-x64/xpack-arm-none-eabi-gcc-15.2.1-1.1/bin/../lib/gcc/arm-none-eabi/15.2.1/../../../../arm-none-eabi/lib/thumb/v7e-m+fp/hard\libc_nano.a(libc_a-fflush.o)
                                                  C:/xpack/xpack-arm-none-eabi-gcc-15.2.1-1.1-win32-x64/xpack-arm-none-eabi-gcc-15.2.1-1.1/bin/../lib/gcc/arm-none-eabi/15.2.1/../../../../arm-none-eabi/lib/thumb/v7e-m+fp/hard\libc_nano.a(libc_a-findfp.o)
_impure_ptr                                       C:/xpack/xpack-arm-none-eabi-gcc-15.2.1-1.1-win32-x64/xpack-arm-none-eabi-gcc-15.2.1-1.1/bin/../lib/gcc/arm-none-eabi/15.2.1/../../../../arm-none-eabi/lib/thumb/v7e-m+fp/hard\libc_nano.a(libc_a-impure.o)
                                                  C:/xpack/xpack-arm-none-eabi-gcc-15.2.1-1.1-win32-x64/xpack-arm-none-eabi-gcc-15.2.1-1.1/bin/../lib/gcc/arm-none-eabi/15.2.1/../../../../arm-none-eabi/lib/thumb/v7e-m+fp/hard\libc_nano.a(libc_a-fflush.o)
                                                  C:/xpack/xpack-arm-none-eabi-gcc-15.2.1-1.1-win32-x64/xpack-arm-none-eabi-gcc-15.2.1-1.1/bin/../lib/gcc/arm-none-eabi/15.2.1/../../../../arm-none-eabi/lib/thumb/v7e-m+fp/hard\libc_nano.a(libc_a-errno.o)
                                                  C:/xpack/xpack-arm-none-eabi-gcc-15.2.1-1.1-win32-x64/xpack-arm-none-eabi-gcc-15.2.1-1.1/bin/../lib/gcc/arm-none-eabi/15.2.1/../../../../arm-none-eabi/lib/thumb/v7e-m+fp/hard\libc_nano.a(libc_a-reent.o)
_init                                             C:/xpack/xpack-arm-none-eabi-gcc-15.2.1-1.1-win32-x64/xpack-arm-none-eabi-gcc-15.2.1-1.1/bin/../lib/gcc/arm-none-eabi/15.2.1/thumb/v7e-m+fp/hard/crti.o
                                                  C:/xpack/xpack-arm-none-eabi-gcc-15.2.1-1.1-win32-x64/xpack-arm-none-eabi-gcc-15.2.1-1.1/bin/../lib/gcc/arm-none-eabi/15.2.1/../../../../arm-none-eabi/lib/thumb/v7e-m+fp/hard\libc_nano.a(libc_a-init.o)
_isatty                                           build/syscalls.o
_kill                                             build/syscalls.o
_link                                             build/syscalls.o
_lseek                                            build/syscalls.o
                                                  C:/xpack/xpack-arm-none-eabi-gcc-15.2.1-1.1-win32-x64/xpack-arm-none-eabi-gcc-15.2.1-1.1/bin/../lib/gcc/arm-none-eabi/15.2.1/../../../../arm-none-eabi/lib/thumb/v7e-m+fp/hard\libc_nano.a(libc_a-lseekr.o)
_lseek_r                                          C:/xpack/xpack-arm-none-eabi-gcc-15.2.1-1.1-win32-x64/xpack-arm-none-eabi-gcc-15.2.1-1.1/bin/../lib/gcc/arm-none-eabi/15.2.1/../../../../arm-none-eabi/lib/thumb/v7e-m+fp/hard\libc_nano.a(libc_a-lseekr.o)
                                                  C:/xpack/xpack-arm-none-eabi-gcc-15.2.1-1.1-win32-x64/xpack-arm-none-eabi-gcc-15.2.1-1.1/bin/../lib/gcc/arm-none-eabi/15.2.1/../../../../arm-none-eabi/lib/thumb/v7e-m+fp/hard\libc_nano.a(libc_a-stdio.o)
_mainCRTStartup                                   C:/xpack/xpack-arm-none-eabi-gcc-15.2.1-1.1-win32-x64/xpack-arm-none-eabi-gcc-15.2.1-1.1/bin/../lib/gcc/arm-none-eabi/15.2.1/../../../../arm-none-eabi/lib/thumb/v7e-m+fp/hard/crt0.o
_malloc_r                                         C:/xpack/xpack-arm-none-eabi-gcc-15.2.1-1.1-win32-x64/xpack-arm-none-eabi-gcc-15.2.1-1.1/bin/../lib/gcc/arm-none-eabi/15.2.1/../../../../arm-none-eabi/lib/thumb/v7e-m+fp/hard\libc_nano.a(libc_a-mallocr.o)
                                                  C:/xpack/xpack-arm-none-eabi-gcc-15.2.1-1.1-win32-x64/xpack-arm-none-eabi-gcc-15.2.1-1.1/bin/../lib/gcc/arm-none-eabi/15.2.1/../../../../arm-none-eabi/lib/thumb/v7e-m+fp/hard\libc_nano.a(libc_a-findfp.o)
_open                                             build/syscalls.o
_read                                             build/syscalls.o
                                                  C:/xpack/xpack-arm-none-eabi-gcc-15.2.1-1.1-win32-x64/xpack-arm-none-eabi-gcc-15.2.1-1.1/bin/../lib/gcc/arm-none-eabi/15.2.1/../../../../arm-none-eabi/lib/thumb/v7e-m+fp/hard\libc_nano.a(libc_a-readr.o)
_read_r                                           C:/xpack/xpack-arm-none-eabi-gcc-15.2.1-1.1-win32-x64/xpack-arm-none-eabi-gcc-15.2.1-1.1/bin/../lib/gcc/arm-none-eabi/15.2.1/../../../../arm-none-eabi/lib/thumb/v7e-m+fp/hard\libc_nano.a(libc_a-readr.o)
                                                  C:/xpack/xpack-arm-none-eabi-gcc-15.2.1-1.1-win32-x64/xpack-arm-none-eabi-gcc-15.2.1-1.1/bin/../lib/gcc/arm-none-eabi/15.2.1/../../../../arm-none-eabi/lib/thumb/v7e-m+fp/hard\libc_nano.a(libc_a-stdio.o)
_reclaim_reent                                    C:/xpack/xpack-arm-none-eabi-gcc-15.2.1-1.1-win32-x64/xpack-arm-none-eabi-gcc-15.2.1-1.1/bin/../lib/gcc/arm-none-eabi/15.2.1/../../../../arm-none-eabi/lib/thumb/v7e-m+fp/hard\libc_nano.a(libc_a-reent.o)
_sbrk                                             build/sysmem.o
                                                  C:/xpack/xpack-arm-none-eabi-gcc-15.2.1-1.1-win32-x64/xpack-arm-none-eabi-gcc-15.2.1-1.1/bin/../lib/gcc/arm-none-eabi/15.2.1/../../../../arm-none-eabi/lib/thumb/v7e-m+fp/hard\libc_nano.a(libc_a-sbrkr.o)
_sbrk_r                                           C:/xpack/xpack-arm-none-eabi-gcc-15.2.1-1.1-win32-x64/xpack-arm-none-eabi-gcc-15.2.1-1.1/bin/../lib/gcc/arm-none-eabi/15.2.1/../../../../arm-none-eabi/lib/thumb/v7e-m+fp/hard\libc_nano.a(libc_a-sbrkr.o)
                                                  C:/xpack/xpack-arm-none-eabi-gcc-15.2.1-1.1-win32-x64/xpack-arm-none-eabi-gcc-15.2.1-1.1/bin/../lib/gcc/arm-none-eabi/15.2.1/../../../../arm-none-eabi/lib/thumb/v7e-m+fp/hard\libc_nano.a(libc_a-mallocr.o)
_sbss                                             build/startup_stm32f401xc.o
_sdata                                            build/startup_stm32f401xc.o
_sidata                                           build/startup_stm32f401xc.o
_stack_init                                       C:/xpack/xpack-arm-none-eabi-gcc-15.2.1-1.1-win32-x64/xpack-arm-none-eabi-gcc-15.2.1-1.1/bin/../lib/gcc/arm-none-eabi/15.2.1/../../../../arm-none-eabi/lib/thumb/v7e-m+fp/hard/crt0.o
_start                                            C:/xpack/xpack-arm-none-eabi-gcc-15.2.1-1.1-win32-x64/xpack-arm-none-eabi-gcc-15.2.1-1.1/bin/../lib/gcc/arm-none-eabi/15.2.1/../../../../arm-none-eabi/lib/thumb/v7e-m+fp/hard/crt0.o
_stat                                             build/syscalls.o
_times                                            build/syscalls.o
_unlink                                           build/syscalls.o
_wait                                             build/syscalls.o
_write                                            build/syscalls.o
                                                  C:/xpack/xpack-arm-none-eabi-gcc-15.2.1-1.1-win32-x64/xpack-arm-none-eabi-gcc-15.2.1-1.1/bin/../lib/gcc/arm-none-eabi/15.2.1/../../../../arm-none-eabi/lib/thumb/v7e-m+fp/hard\libc_nano.a(libc_a-writer.o)
_write_r                                          C:/xpack/xpack-arm-none-eabi-gcc-15.2.1-1.1-win32-x64/xpack-arm-none-eabi-gcc-15.2.1-1.1/bin/../lib/gcc/arm-none-eabi/15.2.1/../../../../arm-none-eabi/lib/thumb/v7e-m+fp/hard\libc_nano.a(libc_a-writer.o)